Component: Arm Compiler for Embedded 6.24 Tool: armlink [5d895400]

==============================================================================

Section Cross References

    main.o(.ARM.exidx.text.Delay_Init) refers to main.o(.text.Delay_Init) for [Anonymous Symbol]
    main.o(.text.Delay_us) refers to system_stm32f10x.o(.data.SystemCoreClock) for SystemCoreClock
    main.o(.ARM.exidx.text.Delay_us) refers to main.o(.text.Delay_us) for [Anonymous Symbol]
    main.o(.text.Delay_ms) refers to main.o(.text.Delay_us) for Delay_us
    main.o(.ARM.exidx.text.Delay_ms) refers to main.o(.text.Delay_ms) for [Anonymous Symbol]
    main.o(.text.UART1_Init) refers to stm32f10x_rcc.o(.text.RCC_APB2PeriphClockCmd) for RCC_APB2PeriphClockCmd
    main.o(.text.UART1_Init) refers to stm32f10x_gpio.o(.text.GPIO_Init) for GPIO_Init
    main.o(.text.UART1_Init) refers to stm32f10x_usart.o(.text.USART_Init) for USART_Init
    main.o(.text.UART1_Init) refers to stm32f10x_usart.o(.text.USART_Cmd) for USART_Cmd
    main.o(.ARM.exidx.text.UART1_Init) refers to main.o(.text.UART1_Init) for [Anonymous Symbol]
    main.o(.text.UART1_SendChar) refers to stm32f10x_usart.o(.text.USART_GetFlagStatus) for USART_GetFlagStatus
    main.o(.text.UART1_SendChar) refers to stm32f10x_usart.o(.text.USART_SendData) for USART_SendData
    main.o(.ARM.exidx.text.UART1_SendChar) refers to main.o(.text.UART1_SendChar) for [Anonymous Symbol]
    main.o(.text.UART1_SendString) refers to main.o(.text.UART1_SendChar) for UART1_SendChar
    main.o(.ARM.exidx.text.UART1_SendString) refers to main.o(.text.UART1_SendString) for [Anonymous Symbol]
    main.o(.text.DHT11_Init) refers to stm32f10x_rcc.o(.text.RCC_APB2PeriphClockCmd) for RCC_APB2PeriphClockCmd
    main.o(.text.DHT11_Init) refers to main.o(.text.DHT11_SetPinOutput) for DHT11_SetPinOutput
    main.o(.text.DHT11_Init) refers to stm32f10x_gpio.o(.text.GPIO_SetBits) for GPIO_SetBits
    main.o(.ARM.exidx.text.DHT11_Init) refers to main.o(.text.DHT11_Init) for [Anonymous Symbol]
    main.o(.text.DHT11_SetPinOutput) refers to stm32f10x_gpio.o(.text.GPIO_Init) for GPIO_Init
    main.o(.ARM.exidx.text.DHT11_SetPinOutput) refers to main.o(.text.DHT11_SetPinOutput) for [Anonymous Symbol]
    main.o(.text.DHT11_Read) refers to main.o(.text.DHT11_SetPinOutput) for DHT11_SetPinOutput
    main.o(.text.DHT11_Read) refers to stm32f10x_gpio.o(.text.GPIO_ResetBits) for GPIO_ResetBits
    main.o(.text.DHT11_Read) refers to main.o(.text.Delay_ms) for Delay_ms
    main.o(.text.DHT11_Read) refers to stm32f10x_gpio.o(.text.GPIO_SetBits) for GPIO_SetBits
    main.o(.text.DHT11_Read) refers to main.o(.text.Delay_us) for Delay_us
    main.o(.text.DHT11_Read) refers to main.o(.text.DHT11_SetPinInput) for DHT11_SetPinInput
    main.o(.text.DHT11_Read) refers to stm32f10x_gpio.o(.text.GPIO_ReadInputDataBit) for GPIO_ReadInputDataBit
    main.o(.ARM.exidx.text.DHT11_Read) refers to main.o(.text.DHT11_Read) for [Anonymous Symbol]
    main.o(.text.DHT11_SetPinInput) refers to stm32f10x_gpio.o(.text.GPIO_Init) for GPIO_Init
    main.o(.ARM.exidx.text.DHT11_SetPinInput) refers to main.o(.text.DHT11_SetPinInput) for [Anonymous Symbol]
    main.o(.text.main) refers to main.o(.text.Delay_Init) for Delay_Init
    main.o(.text.main) refers to main.o(.text.DHT11_Init) for DHT11_Init
    main.o(.text.main) refers to main.o(.text.UART1_Init) for UART1_Init
    main.o(.text.main) refers to main.o(.bss.temperature) for temperature
    main.o(.text.main) refers to main.o(.bss.humidity) for humidity
    main.o(.text.main) refers to main.o(.text.DHT11_Read) for DHT11_Read
    main.o(.text.main) refers to main.o(.bss.status) for status
    main.o(.text.main) refers to main.o(.rodata.str1.1) for .L.str
    main.o(.text.main) refers to sprintf.o(.text) for sprintf
    main.o(.text.main) refers to main.o(.text.UART1_SendString) for UART1_SendString
    main.o(.text.main) refers to main.o(.text.Delay_ms) for Delay_ms
    main.o(.ARM.exidx.text.main) refers to main.o(.text.main) for [Anonymous Symbol]
    misc.o(.ARM.exidx.text.NVIC_PriorityGroupConfig) refers to misc.o(.text.NVIC_PriorityGroupConfig) for [Anonymous Symbol]
    misc.o(.ARM.exidx.text.NVIC_Init) refers to misc.o(.text.NVIC_Init) for [Anonymous Symbol]
    misc.o(.ARM.exidx.text.NVIC_SetVectorTable) refers to misc.o(.text.NVIC_SetVectorTable) for [Anonymous Symbol]
    misc.o(.ARM.exidx.text.NVIC_SystemLPConfig) refers to misc.o(.text.NVIC_SystemLPConfig) for [Anonymous Symbol]
    misc.o(.ARM.exidx.text.SysTick_CLKSourceConfig) refers to misc.o(.text.SysTick_CLKSourceConfig) for [Anonymous Symbol]
    stm32f10x_adc.o(.text.ADC_DeInit) refers to stm32f10x_rcc.o(.text.RCC_APB2PeriphResetCmd) for RCC_APB2PeriphResetCmd
    stm32f10x_adc.o(.ARM.exidx.text.ADC_DeInit) refers to stm32f10x_adc.o(.text.ADC_DeInit) for [Anonymous Symbol]
    stm32f10x_adc.o(.ARM.exidx.text.ADC_Init) refers to stm32f10x_adc.o(.text.ADC_Init) for [Anonymous Symbol]
[...]
    ../clib/locale.s                         0x00000000   Number         0  lc_ctype_c.o ABSOLUTE
    ../clib/longlong.s                       0x00000000   Number         0  lludiv10.o ABSOLUTE
    ../clib/longlong.s                       0x00000000   Number         0  llushr.o ABSOLUTE
    ../clib/memcpset.s                       0x00000000   Number         0  strcmpv7m.o ABSOLUTE
    ../clib/misc.s                           0x00000000   Number         0  printf_stubs.o ABSOLUTE
    ../clib/printf.c                         0x00000000   Number         0  sprintf.o ABSOLUTE
    ../clib/printf.c                         0x00000000   Number         0  __printf.o ABSOLUTE
    ../clib/printf.c                         0x00000000   Number         0  _printf_pad.o ABSOLUTE
    ../clib/printf.c                         0x00000000   Number         0  _printf_truncate.o ABSOLUTE
    ../clib/printf.c                         0x00000000   Number         0  _printf_str.o ABSOLUTE
    ../clib/printf.c                         0x00000000   Number         0  _printf_dec.o ABSOLUTE
    ../clib/printf.c                         0x00000000   Number         0  _printf_charcount.o ABSOLUTE
    ../clib/printf.c                         0x00000000   Number         0  _printf_char_common.o ABSOLUTE
    ../clib/printf.c                         0x00000000   Number         0  _sputc.o ABSOLUTE
    ../clib/printf.c                         0x00000000   Number         0  _printf_wctomb.o ABSOLUTE
    ../clib/printf.c                         0x00000000   Number         0  _printf_longlong_dec.o ABSOLUTE
    ../clib/printf.c                         0x00000000   Number         0  _printf_oct_ll.o ABSOLUTE
    ../clib/printf.c                         0x00000000   Number         0  _printf_oct_int.o ABSOLUTE
    ../clib/printf.c                         0x00000000   Number         0  _printf_oct_int_ll.o ABSOLUTE
    ../clib/printf.c                         0x00000000   Number         0  _printf_hex_ll.o ABSOLUTE
    ../clib/printf.c                         0x00000000   Number         0  _printf_hex_int.o ABSOLUTE
    ../clib/printf.c                         0x00000000   Number         0  _printf_hex_int_ll.o ABSOLUTE
    ../clib/printf.c                         0x00000000   Number         0  _printf_hex_ptr.o ABSOLUTE
    ../clib/printf.c                         0x00000000   Number         0  _printf_hex_int_ptr.o ABSOLUTE
    ../clib/printf.c                         0x00000000   Number         0  _printf_hex_ll_ptr.o ABSOLUTE
    ../clib/printf.c                         0x00000000   Number         0  _printf_hex_int_ll_ptr.o ABSOLUTE
    ../clib/printf.c                         0x00000000   Number         0  __printf_flags.o ABSOLUTE
    ../clib/printf.c                         0x00000000   Number         0  __printf_ss.o ABSOLUTE
    ../clib/printf.c                         0x00000000   Number         0  __printf_flags_ss.o ABSOLUTE
    ../clib/printf.c                         0x00000000   Number         0  __printf_wp.o ABSOLUTE
    ../clib/printf.c                         0x00000000   Number         0  __printf_flags_wp.o ABSOLUTE
    ../clib/printf.c                         0x00000000   Number         0  __printf_ss_wp.o ABSOLUTE
    ../clib/printf.c                         0x00000000   Number         0  __printf_flags_ss_wp.o ABSOLUTE
    ../clib/printf.c                         0x00000000   Number         0  _printf_intcommon.o ABSOLUTE
    ../clib/printf.c                         0x00000000   Number         0  _printf_fp_dec.o ABSOLUTE
    ../clib/printf.c                         0x00000000   Number         0  _printf_fp_dec_accurate.o ABSOLUTE
    ../clib/printf.c                         0x00000000   Number         0  _printf_fp_hex.o ABSOLUTE
    ../clib/printf.c                         0x00000000   Number         0  __printf_nopercent.o ABSOLUTE
    ../clib/printf.c                         0x00000000   Number         0  _printf_char.o ABSOLUTE
    ../clib/printf.c                         0x00000000   Number         0  _printf_wchar.o ABSOLUTE
    ../clib/printf.c                         0x00000000   Number         0  _printf_fp_infnan.o ABSOLUTE
    ../clib/printf_percent.s                 0x00000000   Number         0  _printf_c.o ABSOLUTE
    ../clib/printf_percent.s                 0x00000000   Number         0  _printf_s.o ABSOLUTE
    ../clib/printf_percent.s                 0x00000000   Number         0  _printf_n.o ABSOLUTE
    ../clib/printf_percent.s                 0x00000000   Number         0  _printf_x.o ABSOLUTE
    ../clib/printf_percent.s                 0x00000000   Number         0  _printf_p.o ABSOLUTE
    ../clib/printf_percent.s                 0x00000000   Number         0  _printf_o.o ABSOLUTE
    ../clib/printf_percent.s                 0x00000000   Number         0  _printf_i.o ABSOLUTE
    ../clib/printf_percent.s                 0x00000000   Number         0  _printf_d.o ABSOLUTE
    ../clib/printf_percent.s                 0x00000000   Number         0  _printf_u.o ABSOLUTE
    ../clib/printf_percent.s                 0x00000000   Number         0  _printf_f.o ABSOLUTE
    ../clib/printf_percent.s                 0x00000000   Number         0  _printf_e.o ABSOLUTE
    ../clib/printf_percent.s                 0x00000000   Number         0  _printf_g.o ABSOLUTE
    ../clib/printf_percent.s                 0x00000000   Number         0  _printf_a.o ABSOLUTE
    ../clib/printf_percent.s                 0x00000000   Number         0  _printf_percent.o ABSOLUTE
    ../clib/printf_percent.s                 0x00000000   Number         0  _printf_lli.o ABSOLUTE
    ../clib/printf_percent.s                 0x00000000   Number         0  _printf_lld.o ABSOLUTE
    ../clib/printf_percent.s                 0x00000000   Number         0  _printf_llu.o ABSOLUTE
    ../clib/printf_percent.s                 0x00000000   Number         0  _printf_ll.o ABSOLUTE
    ../clib/printf_percent.s                 0x00000000   Number         0  _printf_l.o ABSOLUTE
    ../clib/printf_percent.s                 0x00000000   Number         0  _printf_lc.o ABSOLUTE
    ../clib/printf_percent.s                 0x00000000   Number         0  _printf_ls.o ABSOLUTE
    ../clib/printf_percent.s                 0x00000000   Number         0  _printf_llo.o ABSOLUTE
    ../clib/printf_percent.s                 0x00000000   Number         0  _printf_llx.o ABSOLUTE
    ../clib/printf_percent.s                 0x00000000   Number         0  _printf_percent_end.o ABSOLUTE
    ../clib/signal.c                         0x00000000   Number         0  defsig_rtmem_outer.o ABSOLUTE
    ../clib/signal.c                         0x00000000   Number         0  defsig_rtmem_formal.o ABSOLUTE
    ../clib/signal.c                         0x00000000   Number         0  defsig_exit.o ABSOLUTE
    ../clib/signal.c                         0x00000000   Number         0  defsig_rtmem_inner.o ABSOLUTE
    ../clib/signal.c                         0x00000000   Number         0  __raise.o ABSOLUTE
    ../clib/signal.c                         0x00000000   Number         0  defsig_general.o ABSOLUTE
    ../clib/signal.c                         0x00000000   Number         0  defsig_abrt_inner.o ABSOLUTE
    ../clib/signal.c                         0x00000000   Number         0  defsig_fpe_inner.o ABSOLUTE
    ../clib/signal.c                         0x00000000   Number         0  defsig_rtred_inner.o ABSOLUTE
    ../clib/signal.c                         0x00000000   Number         0  defsig_stak_inner.o ABSOLUTE
    ../clib/signal.c                         0x00000000   Number         0  defsig_pvfn_inner.o ABSOLUTE
    ../clib/signal.c                         0x00000000   Number         0  defsig_cppl_inner.o ABSOLUTE
    ../clib/signal.c                         0x00000000   Number         0  defsig_segv_inner.o ABSOLUTE
    ../clib/signal.c                         0x00000000   Number         0  defsig_other.o ABSOLUTE
    ../clib/signal.s                         0x00000000   Number         0  defsig.o ABSOLUTE
    ../clib/stdlib.c                         0x00000000   Number         0  exit.o ABSOLUTE
    ../fplib/fpinit.s                        0x00000000   Number         0  fpinit.o ABSOLUTE
    ../fplib/fpinit_empty.s                  0x00000000   Number         0  fpinit_empty.o ABSOLUTE
    ../fplib/istatus.s                       0x00000000   Number         0  istatus.o ABSOLUTE
    ../fplib/printf1.s                       0x00000000   Number         0  printf1.o ABSOLUTE
    ../fplib/printf2.s                       0x00000000   Number         0  printf2.o ABSOLUTE
    ../fplib/printf2a.s                      0x00000000   Number         0  printf2a.o ABSOLUTE
    ../fplib/printf2b.s                      0x00000000   Number         0  printf2b.o ABSOLUTE
    ../fplib/usenofp.s                       0x00000000   Number         0  usenofp.o ABSOLUTE
    ../mathlib/fpclassify.c                  0x00000000   Number         0  fpclassify.o ABSOLUTE
    GPIO_STM32F10x.c                         0x00000000   Number         0  gpio_stm32f10x.o ABSOLUTE
    RTE/Device/STM32F103C8/startup_stm32f10x_md.s 0x00000000   Number         0  startup_stm32f10x_md.o ABSOLUTE
    dc.s                                     0x00000000   Number         0  dc.o ABSOLUTE
    main.c                                   0x00000000   Number         0  main.o ABSOLUTE
    misc.c                                   0x00000000   Number         0  misc.o ABSOLUTE
    stm32f10x_adc.c                          0x00000000   Number         0  stm32f10x_adc.o ABSOLUTE
    stm32f10x_bkp.c                          0x00000000   Number         0  stm32f10x_bkp.o ABSOLUTE
    stm32f10x_can.c                          0x00000000   Number         0  stm32f10x_can.o ABSOLUTE
    stm32f10x_cec.c                          0x00000000   Number         0  stm32f10x_cec.o ABSOLUTE
    stm32f10x_crc.c                          0x00000000   Number         0  stm32f10x_crc.o ABSOLUTE
    stm32f10x_dac.c                          0x00000000   Number         0  stm32f10x_dac.o ABSOLUTE
    stm32f10x_dbgmcu.c                       0x00000000   Number         0  stm32f10x_dbgmcu.o ABSOLUTE
    stm32f10x_dma.c                          0x00000000   Number         0  stm32f10x_dma.o ABSOLUTE
    stm32f10x_exti.c                         0x00000000   Number         0  stm32f10x_exti.o ABSOLUTE
    stm32f10x_flash.c                        0x00000000   Number         0  stm32f10x_flash.o ABSOLUTE
    stm32f10x_fsmc.c                         0x00000000   Number         0  stm32f10x_fsmc.o ABSOLUTE
    stm32f10x_gpio.c                         0x00000000   Number         0  stm32f10x_gpio.o ABSOLUTE
    stm32f10x_i2c.c                          0x00000000   Number         0  stm32f10x_i2c.o ABSOLUTE
    stm32f10x_iwdg.c                         0x00000000   Number         0  stm32f10x_iwdg.o ABSOLUTE
    stm32f10x_pwr.c                          0x00000000   Number         0  stm32f10x_pwr.o ABSOLUTE
    stm32f10x_rcc.c                          0x00000000   Number         0  stm32f10x_rcc.o ABSOLUTE
    stm32f10x_rtc.c                          0x00000000   Number         0  stm32f10x_rtc.o ABSOLUTE
    stm32f10x_sdio.c                         0x00000000   Number         0  stm32f10x_sdio.o ABSOLUTE
    stm32f10x_spi.c                          0x00000000   Number         0  stm32f10x_spi.o ABSOLUTE
    stm32f10x_tim.c                          0x00000000   Number         0  stm32f10x_tim.o ABSOLUTE
    stm32f10x_usart.c                        0x00000000   Number         0  stm32f10x_usart.o ABSOLUTE
    stm32f10x_wwdg.c                         0x00000000   Number         0  stm32f10x_wwdg.o ABSOLUTE
    system_stm32f10x.c                       0x00000000   Number         0  system_stm32f10x.o ABSOLUTE
    RESET                                    0x08000000   Section      236  startup_stm32f10x_md.o(RESET)
    !!!main                                  0x080000ec   Section        8  __main.o(!!!main)
    !!!scatter                               0x080000f4   Section       92  __scatter.o(!!!scatter)
    !!handler_copy                           0x08000150   Section       26  __scatter_copy.o(!!handler_copy)
    !!handler_null                           0x0800016c   Section        2  __scatter.o(!!handler_null)
    !!handler_zi                             0x08000170   Section       28  __scatter_zi.o(!!handler_zi)
    .ARM.Collect$$_printf_percent$$00000000  0x0800018c   Section        0  _printf_percent.o(.ARM.Collect$$_printf_percent$$00000000)
    .ARM.Collect$$_printf_percent$$00000001  0x0800018c   Section        6  _printf_n.o(.ARM.Collect$$_printf_percent$$00000001)
    .ARM.Collect$$_printf_percent$$00000002  0x08000192   Section        6  _printf_p.o(.ARM.Collect$$_printf_percent$$00000002)
    .ARM.Collect$$_printf_percent$$00000003  0x08000198   Section        6  _printf_f.o(.ARM.Collect$$_printf_percent$$00000003)
    .ARM.Collect$$_printf_percent$$00000004  0x0800019e   Section        6  _printf_e.o(.ARM.Collect$$_printf_percent$$00000004)
    .ARM.Collect$$_printf_percent$$00000005  0x080001a4   Section        6  _printf_g.o(.ARM.Collect$$_printf_percent$$00000005)
    .ARM.Collect$$_printf_percent$$00000006  0x080001aa   Section        6  _printf_a.o(.ARM.Collect$$_printf_percent$$00000006)
    .ARM.Collect$$_printf_percent$$00000007  0x080001b0   Section       10  _printf_ll.o(.ARM.Collect$$_printf_percent$$00000007)
    .ARM.Collect$$_printf_percent$$00000008  0x080001ba   Section        6  _printf_i.o(.ARM.Collect$$_printf_percent$$00000008)
    .ARM.Collect$$_printf_percent$$00000009  0x080001c0   Section        6  _printf_d.o(.ARM.Collect$$_printf_percent$$00000009)
    .ARM.Collect$$_printf_percent$$0000000A  0x080001c6   Section        6  _printf_u.o(.ARM.Collect$$_printf_percent$$0000000A)
    .ARM.Collect$$_printf_percent$$0000000B  0x080001cc   Section        6  _printf_o.o(.ARM.Collect$$_printf_percent$$0000000B)
    .ARM.Collect$$_printf_percent$$0000000C  0x080001d2   Section        6  _printf_x.o(.ARM.Collect$$_printf_percent$$0000000C)
    .ARM.Collect$$_printf_percent$$0000000D  0x080001d8   Section        6  _printf_lli.o(.ARM.Collect$$_printf_percent$$0000000D)
    .ARM.Collect$$_printf_percent$$0000000E  0x080001de   Section        6  _printf_lld.o(.ARM.Collect$$_printf_percent$$0000000E)
    .ARM.Collect$$_printf_percent$$0000000F  0x080001e4   Section        6  _printf_llu.o(.ARM.Collect$$_printf_percent$$0000000F)
    .ARM.Collect$$_printf_percent$$00000010  0x080001ea   Section        6  _printf_llo.o(.ARM.Collect$$_printf_percent$$00000010)
    .ARM.Collect$$_printf_percent$$00000011  0x080001f0   Section        6  _printf_llx.o(.ARM.Collect$$_printf_percent$$00000011)
    .ARM.Collect$$_printf_percent$$00000012  0x080001f6   Section       10  _printf_l.o(.ARM.Collect$$_printf_percent$$00000012)
    .ARM.Collect$$_printf_percent$$00000013  0x08000200   Section        6  _printf_c.o(.ARM.Collect$$_printf_percent$$00000013)
    .ARM.Collect$$_printf_percent$$00000014  0x08000206   Section        6  _printf_s.o(.ARM.Collect$$_printf_percent$$00000014)
    .ARM.Collect$$_printf_percent$$00000015  0x0800020c   Section        6  _printf_lc.o(.ARM.Collect$$_printf_percent$$00000015)
    .ARM.Collect$$_printf_percent$$00000016  0x08000212   Section        6  _printf_ls.o(.ARM.Collect$$_printf_percent$$00000016)
    .ARM.Collect$$_printf_percent$$00000017  0x08000218   Section        4  _printf_percent_end.o(.ARM.Collect$$_printf_percent$$00000017)
    .ARM.Collect$$libinit$$00000000          0x0800021c   Section        2  libinit.o(.ARM.Collect$$libinit$$00000000)
    .ARM.Collect$$libinit$$00000002          0x0800021e   Section        0  libinit2.o(.ARM.Collect$$libinit$$00000002)
    .ARM.Collect$$libinit$$00000004          0x0800021e   Section        0  libinit2.o(.ARM.Collect$$libinit$$00000004)
    .ARM.Collect$$libinit$$00000006          0x0800021e   Section        0  libinit2.o(.ARM.Collect$$libinit$$00000006)
    .ARM.Collect$$libinit$$0000000C          0x0800021e   Section        0  libinit2.o(.ARM.Collect$$libinit$$0000000C)
    .ARM.Collect$$libinit$$0000000E          0x0800021e   Section        0  libinit2.o(.ARM.Collect$$libinit$$0000000E)
    .ARM.Collect$$libinit$$00000010          0x0800021e   Section        0  libinit2.o(.ARM.Collect$$libinit$$00000010)
    .ARM.Collect$$libinit$$00000011          0x0800021e   Section        6  libinit2.o(.ARM.Collect$$libinit$$00000011)
    .ARM.Collect$$libinit$$00000013          0x08000224   Section        0  libinit2.o(.ARM.Collect$$libinit$$00000013)
    .ARM.Collect$$libinit$$00000014          0x08000224   Section       12  libinit2.o(.ARM.Collect$$libinit$$00000014)
    .ARM.Collect$$libinit$$00000015          0x08000230   Section        0  libinit2.o(.ARM.Collect$$libinit$$00000015)
    .ARM.Collect$$libinit$$00000017          0x08000230   Section        0  libinit2.o(.ARM.Collect$$libinit$$00000017)
    .ARM.Collect$$libinit$$00000018          0x08000230   Section       10  libinit2.o(.ARM.Collect$$libinit$$00000018)
    .ARM.Collect$$libinit$$00000019          0x0800023a   Section        0  libinit2.o(.ARM.Collect$$libinit$$00000019)
    .ARM.Collect$$libinit$$0000001B          0x0800023a   Section        0  libinit2.o(.ARM.Collect$$libinit$$0000001B)
    .ARM.Collect$$libinit$$0000001D          0x0800023a   Section        0  libinit2.o(.ARM.Collect$$libinit$$0000001D)
    .ARM.Collect$$libinit$$0000001F          0x0800023a   Section        0  libinit2.o(.ARM.Collect$$libinit$$0000001F)
    .ARM.Collect$$libinit$$00000021          0x0800023a   Section        0  libinit2.o(.ARM.Collect$$libinit$$00000021)
    .ARM.Collect$$libinit$$00000023          0x0800023a   Section        0  libinit2.o(.ARM.Collect$$libinit$$00000023)
    .ARM.Collect$$libinit$$00000025          0x0800023a   Section        0  libinit2.o(.ARM.Collect$$libinit$$00000025)
    .ARM.Collect$$libinit$$00000027          0x0800023a   Section        0  libinit2.o(.ARM.Collect$$libinit$$00000027)
    .ARM.Collect$$libinit$$00000029          0x0800023a   Section        8  libinit2.o(.ARM.Collect$$libinit$$00000029)
    .ARM.Collect$$libinit$$00000030          0x08000242   Section        0  libinit2.o(.ARM.Collect$$libinit$$00000030)
    .ARM.Collect$$libinit$$00000032          0x08000242   Section        0  libinit2.o(.ARM.Collect$$libinit$$00000032)
    .ARM.Collect$$libinit$$00000034          0x08000242   Section        0  libinit2.o(.ARM.Collect$$libinit$$00000034)
    .ARM.Collect$$libinit$$00000035          0x08000242   Section        2  libinit2.o(.ARM.Collect$$libinit$$00000035)
    .ARM.Collect$$libshutdown$$00000000      0x08000244   Section        2  libshutdown.o(.ARM.Collect$$libshutdown$$00000000)
    .ARM.Collect$$libshutdown$$00000002      0x08000246   Section        0  libshutdown2.o(.ARM.Collect$$libshutdown$$00000002)
    .ARM.Collect$$libshutdown$$00000004      0x08000246   Section        0  libshutdown2.o(.ARM.Collect$$libshutdown$$00000004)
    .ARM.Collect$$libshutdown$$00000007      0x08000246   Section        0  libshutdown2.o(.ARM.Collect$$libshutdown$$00000007)
    .ARM.Collect$$libshutdown$$0000000A      0x08000246   Section        0  libshutdown2.o(.ARM.Collect$$libshutdown$$0000000A)
    .ARM.Collect$$libshutdown$$0000000C      0x08000246   Section        0  libshutdown2.o(.ARM.Collect$$libshutdown$$0000000C)
    .ARM.Collect$$libshutdown$$0000000F      0x08000246   Section        0  libshutdown2.o(.ARM.Collect$$libshutdown$$0000000F)
    .ARM.Collect$$libshutdown$$00000010      0x08000246   Section        2  libshutdown2.o(.ARM.Collect$$libshutdown$$00000010)
    .ARM.Collect$$rtentry$$00000000          0x08000248   Section        0  __rtentry.o(.ARM.Collect$$rtentry$$00000000)
    .ARM.Collect$$rtentry$$00000002          0x08000248   Section        0  __rtentry2.o(.ARM.Collect$$rtentry$$00000002)
    .ARM.Collect$$rtentry$$00000004          0x08000248   Section        6  __rtentry4.o(.ARM.Collect$$rtentry$$00000004)
    .ARM.Collect$$rtentry$$00000009          0x0800024e   Section        0  __rtentry2.o(.ARM.Collect$$rtentry$$00000009)
    .ARM.Collect$$rtentry$$0000000A          0x0800024e   Section        4  __rtentry2.o(.ARM.Collect$$rtentry$$0000000A)
    .ARM.Collect$$rtentry$$0000000C          0x08000252   Section        0  __rtentry2.o(.ARM.Collect$$rtentry$$0000000C)
    .ARM.Collect$$rtentry$$0000000D          0x08000252   Section        8  __rtentry2.o(.ARM.Collect$$rtentry$$0000000D)
    .ARM.Collect$$rtexit$$00000000           0x0800025a   Section        2  rtexit.o(.ARM.Collect$$rtexit$$00000000)
    .ARM.Collect$$rtexit$$00000002           0x0800025c   Section        0  rtexit2.o(.ARM.Collect$$rtexit$$00000002)
    .ARM.Collect$$rtexit$$00000003           0x0800025c   Section        4  rtexit2.o(.ARM.Collect$$rtexit$$00000003)
    .ARM.Collect$$rtexit$$00000004           0x08000260   Section        6  rtexit2.o(.ARM.Collect$$rtexit$$00000004)
    .emb_text                                0x08000268   Section        4  argv_veneer.o(.emb_text)
    .text                                    0x0800026c   Section       64  startup_stm32f10x_md.o(.text)
    .text                                    0x080002ac   Section        0  sprintf.o(.text)
    .text                                    0x080002d8   Section        0  heapauxi.o(.text)
    .text                                    0x080002de   Section        0  _printf_pad.o(.text)
    .text                                    0x0800032c   Section        0  _printf_truncate.o(.text)
    .text                                    0x08000350   Section        0  _printf_str.o(.text)
    .text                                    0x080003a4   Section        0  _printf_dec.o(.text)
    .text                                    0x0800041c   Section        0  _printf_charcount.o(.text)
    _printf_input_char                       0x08000445   Thumb Code    10  _printf_char_common.o(.text)
    .text                                    0x08000444   Section        0  _printf_char_common.o(.text)
    .text                                    0x08000474   Section        0  _sputc.o(.text)
    .text                                    0x08000480   Section        0  _printf_wctomb.o(.text)
    .text                                    0x0800053c   Section        0  _printf_longlong_dec.o(.text)
    _printf_longlong_oct_internal            0x080005b9   Thumb Code     0  _printf_oct_int_ll.o(.text)
    .text                                    0x080005b8   Section        0  _printf_oct_int_ll.o(.text)
    _printf_hex_common                       0x08000629   Thumb Code     0  _printf_hex_int_ll_ptr.o(.text)
    .text                                    0x08000628   Section        0  _printf_hex_int_ll_ptr.o(.text)
    .text                                    0x080006bc   Section        0  __printf_flags_ss_wp.o(.text)
    .text                                    0x08000844   Section      138  lludiv10.o(.text)
    .text                                    0x080008ce   Section        0  _printf_intcommon.o(.text)
    _fp_digits                               0x08000981   Thumb Code   432  _printf_fp_dec.o(.text)
    .text                                    0x08000980   Section        0  _printf_fp_dec.o(.text)
    .text                                    0x08000d9c   Section        0  _printf_fp_hex.o(.text)
    .text                                    0x08001098   Section        0  _printf_char.o(.text)
    .text                                    0x080010c4   Section        0  _printf_wchar.o(.text)
    .text                                    0x080010f0   Section        0  _c16rtomb.o(.text)
    .text                                    0x08001138   Section       74  sys_stackheap_outer.o(.text)
    .text                                    0x08001184   Section       16  rt_ctype_table.o(.text)
    .text                                    0x08001194   Section        8  rt_locale_intlibspace.o(.text)
    .text                                    0x0800119c   Section        0  _printf_fp_infnan.o(.text)
    .text                                    0x0800121c   Section        0  bigflt0.o(.text)
    .text                                    0x08001300   Section        0  exit.o(.text)
    .text                                    0x08001314   Section        8  libspace.o(.text)
    .text                                    0x0800131c   Section      128  strcmpv7m.o(.text)
    .text                                    0x0800139c   Section        0  sys_exit.o(.text)
    .text                                    0x080013a8   Section        0  _get_argv_nomalloc.o(.text)
    .text                                    0x080014d6   Section        0  sys_command.o(.text)
    .text                                    0x080014ee   Section        2  use_no_semi.o(.text)
    .text                                    0x080014f0   Section        0  indicate_semi.o(.text)
    .text                                    0x080014f0   Section        0  hrguard.o(.text)
    .text                                    0x080014f4   Section        0  defsig_rtmem_outer.o(.text)
    .text                                    0x08001502   Section        0  defsig_exit.o(.text)
    .text                                    0x0800150c   Section        0  defsig_rtmem_inner.o(.text)
    .text                                    0x0800155c   Section        0  defsig_general.o(.text)
    .text                                    0x0800158e   Section        0  sys_wrch.o(.text)
    [Anonymous Symbol]                       0x0800159c   Section        0  main.o(.text.DHT11_Init)
    [Anonymous Symbol]                       0x080015c0   Section        0  main.o(.text.DHT11_Read)
    DHT11_SetPinInput                        0x0800182d   Thumb Code    34  main.o(.text.DHT11_SetPinInput)
    [Anonymous Symbol]                       0x0800182c   Section        0  main.o(.text.DHT11_SetPinInput)
    DHT11_SetPinOutput                       0x08001851   Thumb Code    40  main.o(.text.DHT11_SetPinOutput)
    [Anonymous Symbol]                       0x08001850   Section        0  main.o(.text.DHT11_SetPinOutput)
    [Anonymous Symbol]                       0x08001878   Section        0  main.o(.text.Delay_Init)
    [Anonymous Symbol]                       0x080018a0   Section        0  main.o(.text.Delay_ms)
    [Anonymous Symbol]                       0x080018c4   Section        0  main.o(.text.Delay_us)
    [Anonymous Symbol]                       0x0800192c   Section        0  stm32f10x_gpio.o(.text.GPIO_Init)
    [Anonymous Symbol]                       0x08001abc   Section        0  stm32f10x_gpio.o(.text.GPIO_ReadInputDataBit)
    [Anonymous Symbol]                       0x08001af4   Section        0  stm32f10x_gpio.o(.text.GPIO_ResetBits)
    [Anonymous Symbol]                       0x08001b0c   Section        0  stm32f10x_gpio.o(.text.GPIO_SetBits)
    [Anonymous Symbol]                       0x08001b24   Section        0  stm32f10x_rcc.o(.text.RCC_APB2PeriphClockCmd)
    [Anonymous Symbol]                       0x08001b64   Section        0  stm32f10x_rcc.o(.text.RCC_GetClocksFreq)
    SetSysClock                              0x08001cdd   Thumb Code     8  system_stm32f10x.o(.text.SetSysClock)
    [Anonymous Symbol]                       0x08001cdc   Section        0  system_stm32f10x.o(.text.SetSysClock)
    SetSysClockTo72                          0x08001ce5   Thumb Code   290  system_stm32f10x.o(.text.SetSysClockTo72)
    [Anonymous Symbol]                       0x08001ce4   Section        0  system_stm32f10x.o(.text.SetSysClockTo72)
    [Anonymous Symbol]                       0x08001e08   Section        0  system_stm32f10x.o(.text.SystemInit)
    [Anonymous Symbol]                       0x08001e70   Section        0  main.o(.text.UART1_Init)
    [Anonymous Symbol]                       0x08001ef8   Section        0  main.o(.text.UART1_SendChar)
    [Anonymous Symbol]                       0x08001f30   Section        0  main.o(.text.UART1_SendString)
    [Anonymous Symbol]                       0x08001f54   Section        0  stm32f10x_usart.o(.text.USART_Cmd)
    [Anonymous Symbol]                       0x08001f84   Section        0  stm32f10x_usart.o(.text.USART_GetFlagStatus)
    [Anonymous Symbol]                       0x08001fcc   Section        0  stm32f10x_usart.o(.text.USART_Init)
    [Anonymous Symbol]                       0x0800212c   Section        0  stm32f10x_usart.o(.text.USART_SendData)
    [Anonymous Symbol]                       0x08002148   Section        0  main.o(.text.main)
    CL$$btod_d2e                             0x080021ec   Section       62  btod.o(CL$$btod_d2e)
    CL$$btod_d2e_denorm_low                  0x0800222a   Section       70  btod.o(CL$$btod_d2e_denorm_low)
    CL$$btod_d2e_norm_op1                    0x08002270   Section       96  btod.o(CL$$btod_d2e_norm_op1)
    CL$$btod_div_common                      0x080022d0   Section      824  btod.o(CL$$btod_div_common)
    CL$$btod_e2e                             0x08002608   Section      220  btod.o(CL$$btod_e2e)
    CL$$btod_ediv                            0x080026e4   Section       42  btod.o(CL$$btod_ediv)
    CL$$btod_emul                            0x0800270e   Section       42  btod.o(CL$$btod_emul)
    CL$$btod_mult_common                     0x08002738   Section      580  btod.o(CL$$btod_mult_common)
    i.__ARM_fpclassify                       0x0800297c   Section        0  fpclassify.o(i.__ARM_fpclassify)
    i._is_digit                              0x080029a4   Section        0  __printf_wp.o(i._is_digit)
    locale$$code                             0x080029b4   Section       44  lc_numeric_c.o(locale$$code)
    locale$$code                             0x080029e0   Section       44  lc_ctype_c.o(locale$$code)
    x$fpl$printf1                            0x08002a0c   Section        4  printf1.o(x$fpl$printf1)
    x$fpl$printf2                            0x08002a10   Section        4  printf2.o(x$fpl$printf2)
    initial_mbstate                          0x08002a14   Data           8  _printf_wctomb.o(.constdata)
    .constdata                               0x08002a14   Section        8  _printf_wctomb.o(.constdata)
    x$fpl$usenofp                            0x08002a14   Section        0  usenofp.o(x$fpl$usenofp)
    uc_hextab                                0x08002a1c   Data          20  _printf_hex_int_ll_ptr.o(.constdata)
    .constdata                               0x08002a1c   Section       40  _printf_hex_int_ll_ptr.o(.constdata)
    lc_hextab                                0x08002a30   Data          20  _printf_hex_int_ll_ptr.o(.constdata)
    maptable                                 0x08002a44   Data          17  __printf_flags_ss_wp.o(.constdata)
    .constdata                               0x08002a44   Section       17  __printf_flags_ss_wp.o(.constdata)
    lc_hextab                                0x08002a55   Data          19  _printf_fp_hex.o(.constdata)
    .constdata                               0x08002a55   Section       38  _printf_fp_hex.o(.constdata)
    uc_hextab                                0x08002a68   Data          19  _printf_fp_hex.o(.constdata)
    tenpwrs_x                                0x08002a7c   Data          60  bigflt0.o(.constdata)
    .constdata                               0x08002a7c   Section      148  bigflt0.o(.constdata)
    tenpwrs_i                                0x08002ab8   Data          64  bigflt0.o(.constdata)
    ADCPrescTable                            0x08002b10   Data           4  stm32f10x_rcc.o(.rodata.ADCPrescTable)
    [Anonymous Symbol]                       0x08002b10   Section        0  stm32f10x_rcc.o(.rodata.ADCPrescTable)
    APBAHBPrescTable                         0x08002b14   Data          16  stm32f10x_rcc.o(.rodata.APBAHBPrescTable)
    [Anonymous Symbol]                       0x08002b14   Section        0  stm32f10x_rcc.o(.rodata.APBAHBPrescTable)
    .L.str.1                                 0x08002b24   Data          23  main.o(.rodata.str1.1)
    [Anonymous Symbol]                       0x08002b24   Section        0  main.o(.rodata.str1.1)
    .L.str                                   0x08002b3b   Data          17  main.o(.rodata.str1.1)
    locale$$data                             0x08002b6c   Section       28  lc_numeric_c.o(locale$$data)
    __lcnum_c_name                           0x08002b70   Data           2  lc_numeric_c.o(locale$$data)
    __lcnum_c_start                          0x08002b78   Data           0  lc_numeric_c.o(locale$$data)
    __lcnum_c_point                          0x08002b84   Data           0  lc_numeric_c.o(locale$$data)
    __lcnum_c_thousands                      0x08002b86   Data           0  lc_numeric_c.o(locale$$data)
    __lcnum_c_grouping                       0x08002b87   Data           0  lc_numeric_c.o(locale$$data)
    __lcnum_c_end                            0x08002b88   Data           0  lc_numeric_c.o(locale$$data)
    locale$$data                             0x08002b88   Section      272  lc_ctype_c.o(locale$$data)
    __lcctype_c_name                         0x08002b8c   Data           2  lc_ctype_c.o(locale$$data)
    __lcctype_c_start                        0x08002b94   Data           0  lc_ctype_c.o(locale$$data)
    __lcctype_c_end                          0x08002c98   Data           0  lc_ctype_c.o(locale$$data)
    .bss                                     0x20000008   Section       96  libspace.o(.bss)
    Heap_Mem                                 0x20000078   Data         512  startup_stm32f10x_md.o(HEAP)
    HEAP                                     0x20000078   Section      512  startup_stm32f10x_md.o(HEAP)
    Stack_Mem                                0x20000278   Data        1024  startup_stm32f10x_md.o(STACK)
    STACK                                    0x20000278   Section     1024  startup_stm32f10x_md.o(STACK)
    __initial_sp                             0x20000678   Data           0  startup_stm32f10x_md.o(STACK)

    Global Symbols

    Symbol Name                              Value     Ov Type        Size  Object(Section)

    BuildAttributes$$THM_ISAv4$P$D$K$B$S$PE$A:L22UL41UL21$X:L11$S22US41US21$IEEE1$IW$~IW$USESV6$~STKCKD$USESV7$~SHL$OTIME$ROPI$IEEEJ$EBA8$UX$STANDARDLIB$REQ8$PRES8$EABIv2 0x00000000   Number         0  anon$$obj.o ABSOLUTE
    __fp_init_empty                          0x00000000   Number         0  fpinit_empty.o ABSOLUTE
    _printf_flags                            0x00000000   Number         0  printf_stubs.o ABSOLUTE
    _printf_return_value                     0x00000000   Number         0  printf_stubs.o ABSOLUTE
    _printf_sizespec                         0x00000000   Number         0  printf_stubs.o ABSOLUTE
    _printf_widthprec                        0x00000000   Number         0  printf_stubs.o ABSOLUTE
    __ARM_exceptions_init                     - Undefined Weak Reference
    __alloca_initialize                       - Undefined Weak Reference
    __arm_preinit_                            - Undefined Weak Reference
    __arm_relocate_pie_                       - Undefined Weak Reference
    __cpp_initialize__aeabi_                  - Undefined Weak Reference
    __cxa_finalize                            - Undefined Weak Reference
    __sigvec_lookup                           - Undefined Weak Reference
    _atexit_init                              - Undefined Weak Reference
    _call_atexit_fns                          - Undefined Weak Reference
    _clock_init                               - Undefined Weak Reference
    _fp_trap_init                             - Undefined Weak Reference
    _fp_trap_shutdown                         - Undefined Weak Reference
    _get_lc_collate                           - Undefined Weak Reference
    _get_lc_monetary                          - Undefined Weak Reference
    _get_lc_time                              - Undefined Weak Reference
    _getenv_init                              - Undefined Weak Reference
    _handle_redirection                       - Undefined Weak Reference
    _init_alloc                               - Undefined Weak Reference
    _init_user_alloc                          - Undefined Weak Reference
    _initio                                   - Undefined Weak Reference
    _printf_mbtowc                            - Undefined Weak Reference
    _printf_wc                                - Undefined Weak Reference
    _rand_init                                - Undefined Weak Reference
    _signal_finish                            - Undefined Weak Reference
    _signal_init                              - Undefined Weak Reference
    _terminate_alloc                          - Undefined Weak Reference
    _terminate_user_alloc                     - Undefined Weak Reference
    _terminateio                              - Undefined Weak Reference
    __Vectors_Size                           0x000000ec   Number         0  startup_stm32f10x_md.o ABSOLUTE
    __Vectors                                0x08000000   Data           4  startup_stm32f10x_md.o(RESET)
    __Vectors_End                            0x080000ec   Data           0  startup_stm32f10x_md.o(RESET)
    __main                                   0x080000ed   Thumb Code     8  __main.o(!!!main)
    __scatterload                            0x080000f5   Thumb Code     0  __scatter.o(!!!scatter)
    __scatterload_rt2                        0x080000f5   Thumb Code    84  __scatter.o(!!!scatter)
    __scatterload_rt2_thumb_only             0x080000f5   Thumb Code     0  __scatter.o(!!!scatter)
    __scatterload_loop                       0x080000ff   Thumb Code     0  __scatter.o(!!!scatter)
    __scatterload_copy                       0x08000151   Thumb Code    26  __scatter_copy.o(!!handler_copy)
    __scatterload_null                       0x0800016d   Thumb Code     2  __scatter.o(!!handler_null)
    __scatterload_zeroinit                   0x08000171   Thumb Code    28  __scatter_zi.o(!!handler_zi)
    _printf_n                                0x0800018d   Thumb Code     0  _printf_n.o(.ARM.Collect$$_printf_percent$$00000001)
    _printf_percent                          0x0800018d   Thumb Code     0  _printf_percent.o(.ARM.Collect$$_printf_percent$$00000000)
    _printf_p                                0x08000193   Thumb Code     0  _printf_p.o(.ARM.Collect$$_printf_percent$$00000002)
    _printf_f                                0x08000199   Thumb Code     0  _printf_f.o(.ARM.Collect$$_printf_percent$$00000003)
    _printf_e                                0x0800019f   Thumb Code     0  _printf_e.o(.ARM.Collect$$_printf_percent$$00000004)
    _printf_g                                0x080001a5   Thumb Code     0  _printf_g.o(.ARM.Collect$$_printf_percent$$00000005)
    _printf_a                                0x080001ab   Thumb Code     0  _printf_a.o(.ARM.Collect$$_printf_percent$$00000006)
    _printf_ll                               0x080001b1   Thumb Code     0  _printf_ll.o(.ARM.Collect$$_printf_percent$$00000007)
    _printf_i                                0x080001bb   Thumb Code     0  _printf_i.o(.ARM.Collect$$_printf_percent$$00000008)
    _printf_d                                0x080001c1   Thumb Code     0  _printf_d.o(.ARM.Collect$$_printf_percent$$00000009)
    _printf_u                                0x080001c7   Thumb Code     0  _printf_u.o(.ARM.Collect$$_printf_percent$$0000000A)
    _printf_o                                0x080001cd   Thumb Code     0  _printf_o.o(.ARM.Collect$$_printf_percent$$0000000B)
    _printf_x                                0x080001d3   Thumb Code     0  _printf_x.o(.ARM.Collect$$_printf_percent$$0000000C)
    _printf_lli                              0x080001d9   Thumb Code     0  _printf_lli.o(.ARM.Collect$$_printf_percent$$0000000D)
    _printf_lld                              0x080001df   Thumb Code     0  _printf_lld.o(.ARM.Collect$$_printf_percent$$0000000E)
    _printf_llu                              0x080001e5   Thumb Code     0  _printf_llu.o(.ARM.Collect$$_printf_percent$$0000000F)
    _printf_llo                              0x080001eb   Thumb Code     0  _printf_llo.o(.ARM.Collect$$_printf_percent$$00000010)
    _printf_llx                              0x080001f1   Thumb Code     0  _printf_llx.o(.ARM.Collect$$_printf_percent$$00000011)
    _printf_l                                0x080001f7   Thumb Code     0  _printf_l.o(.ARM.Collect$$_printf_percent$$00000012)
    _printf_c                                0x08000201   Thumb Code     0  _printf_c.o(.ARM.Collect$$_printf_percent$$00000013)
    _printf_s                                0x08000207   Thumb Code     0  _printf_s.o(.ARM.Collect$$_printf_percent$$00000014)
    _printf_lc                               0x0800020d   Thumb Code     0  _printf_lc.o(.ARM.Collect$$_printf_percent$$00000015)
    _printf_ls                               0x08000213   Thumb Code     0  _printf_ls.o(.ARM.Collect$$_printf_percent$$00000016)
    _printf_percent_end                      0x08000219   Thumb Code     0  _printf_percent_end.o(.ARM.Collect$$_printf_percent$$00000017)
    __rt_lib_init                            0x0800021d   Thumb Code     0  libinit.o(.ARM.Collect$$libinit$$00000000)
    __rt_lib_init_fp_1                       0x0800021f   Thumb Code     0  libinit2.o(.ARM.Collect$$libinit$$00000002)
    __rt_lib_init_heap_1                     0x0800021f   Thumb Code     0  libinit2.o(.ARM.Collect$$libinit$$0000000C)
    __rt_lib_init_lc_common                  0x0800021f   Thumb Code     0  libinit2.o(.ARM.Collect$$libinit$$00000011)
    __rt_lib_init_preinit_1                  0x0800021f   Thumb Code     0  libinit2.o(.ARM.Collect$$libinit$$00000006)
    __rt_lib_init_rand_1                     0x0800021f   Thumb Code     0  libinit2.o(.ARM.Collect$$libinit$$00000010)
    __rt_lib_init_relocate_pie_1             0x0800021f   Thumb Code     0  libinit2.o(.ARM.Collect$$libinit$$00000004)
    __rt_lib_init_user_alloc_1               0x0800021f   Thumb Code     0  libinit2.o(.ARM.Collect$$libinit$$0000000E)
    __rt_lib_init_lc_collate_1               0x08000225   Thumb Code     0  libinit2.o(.ARM.Collect$$libinit$$00000013)
    __rt_lib_init_lc_ctype_2                 0x08000225   Thumb Code     0  libinit2.o(.ARM.Collect$$libinit$$00000014)
    __rt_lib_init_lc_ctype_1                 0x08000231   Thumb Code     0  libinit2.o(.ARM.Collect$$libinit$$00000015)
    __rt_lib_init_lc_monetary_1              0x08000231   Thumb Code     0  libinit2.o(.ARM.Collect$$libinit$$00000017)
    __rt_lib_init_lc_numeric_2               0x08000231   Thumb Code     0  libinit2.o(.ARM.Collect$$libinit$$00000018)
    __rt_lib_init_argv_1                     0x0800023b   Thumb Code     0  libinit2.o(.ARM.Collect$$libinit$$00000029)
    __rt_lib_init_atexit_1                   0x0800023b   Thumb Code     0  libinit2.o(.ARM.Collect$$libinit$$0000001D)
    __rt_lib_init_clock_1                    0x0800023b   Thumb Code     0  libinit2.o(.ARM.Collect$$libinit$$00000023)
    __rt_lib_init_fp_trap_1                  0x0800023b   Thumb Code     0  libinit2.o(.ARM.Collect$$libinit$$00000021)
    __rt_lib_init_getenv_1                   0x0800023b   Thumb Code     0  libinit2.o(.ARM.Collect$$libinit$$00000025)
    __rt_lib_init_heapregion_libspace_used   0x0800023b   Thumb Code     0  libinit2.o(.ARM.Collect$$libinit$$00000029)
    __rt_lib_init_lc_numeric_1               0x0800023b   Thumb Code     0  libinit2.o(.ARM.Collect$$libinit$$00000019)
    __rt_lib_init_lc_time_1                  0x0800023b   Thumb Code     0  libinit2.o(.ARM.Collect$$libinit$$0000001B)
    __rt_lib_init_signal_1                   0x0800023b   Thumb Code     0  libinit2.o(.ARM.Collect$$libinit$$0000001F)
    __rt_lib_init_stdio_1                    0x0800023b   Thumb Code     0  libinit2.o(.ARM.Collect$$libinit$$00000027)
    __rt_lib_init_alloca_1                   0x08000243   Thumb Code     0  libinit2.o(.ARM.Collect$$libinit$$00000030)
    __rt_lib_init_cpp_1                      0x08000243   Thumb Code     0  libinit2.o(.ARM.Collect$$libinit$$00000034)
    __rt_lib_init_exceptions_1               0x08000243   Thumb Code     0  libinit2.o(.ARM.Collect$$libinit$$00000032)
    __rt_lib_init_return                     0x08000243   Thumb Code     0  libinit2.o(.ARM.Collect$$libinit$$00000035)
    __rt_lib_shutdown                        0x08000245   Thumb Code     0  libshutdown.o(.ARM.Collect$$libshutdown$$00000000)
    __rt_lib_shutdown_cpp_1                  0x08000247   Thumb Code     0  libshutdown2.o(.ARM.Collect$$libshutdown$$00000002)
    __rt_lib_shutdown_fp_trap_1              0x08000247   Thumb Code     0  libshutdown2.o(.ARM.Collect$$libshutdown$$00000007)
    __rt_lib_shutdown_heap_1                 0x08000247   Thumb Code     0  libshutdown2.o(.ARM.Collect$$libshutdown$$0000000F)
    __rt_lib_shutdown_return                 0x08000247   Thumb Code     0  libshutdown2.o(.ARM.Collect$$libshutdown$$00000010)
    __rt_lib_shutdown_signal_1               0x08000247   Thumb Code     0  libshutdown2.o(.ARM.Collect$$libshutdown$$0000000A)
    __rt_lib_shutdown_stdio_1                0x08000247   Thumb Code     0  libshutdown2.o(.ARM.Collect$$libshutdown$$00000004)
    __rt_lib_shutdown_user_alloc_1           0x08000247   Thumb Code     0  libshutdown2.o(.ARM.Collect$$libshutdown$$0000000C)
    __rt_entry                               0x08000249   Thumb Code     0  __rtentry.o(.ARM.Collect$$rtentry$$00000000)
    __rt_entry_presh_1                       0x08000249   Thumb Code     0  __rtentry2.o(.ARM.Collect$$rtentry$$00000002)
    __rt_entry_sh                            0x08000249   Thumb Code     0  __rtentry4.o(.ARM.Collect$$rtentry$$00000004)
    __rt_entry_li                            0x0800024f   Thumb Code     0  __rtentry2.o(.ARM.Collect$$rtentry$$0000000A)
    __rt_entry_postsh_1                      0x0800024f   Thumb Code     0  __rtentry2.o(.ARM.Collect$$rtentry$$00000009)
    __rt_entry_main                          0x08000253   Thumb Code     0  __rtentry2.o(.ARM.Collect$$rtentry$$0000000D)
    __rt_entry_postli_1                      0x08000253   Thumb Code     0  __rtentry2.o(.ARM.Collect$$rtentry$$0000000C)
    __rt_exit                                0x0800025b   Thumb Code     0  rtexit.o(.ARM.Collect$$rtexit$$00000000)
    __rt_exit_ls                             0x0800025d   Thumb Code     0  rtexit2.o(.ARM.Collect$$rtexit$$00000003)
    __rt_exit_prels_1                        0x0800025d   Thumb Code     0  rtexit2.o(.ARM.Collect$$rtexit$$00000002)
    __rt_exit_exit                           0x08000261   Thumb Code     0  rtexit2.o(.ARM.Collect$$rtexit$$00000004)
    __ARM_argv_veneer                        0x08000269   Thumb Code     4  argv_veneer.o(.emb_text)
    Reset_Handler                            0x0800026d   Thumb Code     8  startup_stm32f10x_md.o(.text)
    NMI_Handler                              0x08000275   Thumb Code     2  startup_stm32f10x_md.o(.text)
    HardFault_Handler                        0x08000277   Thumb Code     2  startup_stm32f10x_md.o(.text)
    MemManage_Handler                        0x08000279   Thumb Code     2  startup_stm32f10x_md.o(.text)
    BusFault_Handler                         0x0800027b   Thumb Code     2  startup_stm32f10x_md.o(.text)
    UsageFault_Handler                       0x0800027d   Thumb Code     2  startup_stm32f10x_md.o(.text)
    SVC_Handler                              0x0800027f   Thumb Code     2  startup_stm32f10x_md.o(.text)
    DebugMon_Handler                         0x08000281   Thumb Code     2  startup_stm32f10x_md.o(.text)
    PendSV_Handler                           0x08000283   Thumb Code     2  startup_stm32f10x_md.o(.text)
    SysTick_Handler                          0x08000285   Thumb Code     2  startup_stm32f10x_md.o(.text)
    ADC1_2_IRQHandler                        0x08000287   Thumb Code     0  startup_stm32f10x_md.o(.text)
    CAN1_RX1_IRQHandler                      0x08000287   Thumb Code     0  startup_stm32f10x_md.o(.text)
    CAN1_SCE_IRQHandler                      0x08000287   Thumb Code     0  startup_stm32f10x_md.o(.text)
    DMA1_Channel1_IRQHandler                 0x08000287   Thumb Code     0  startup_stm32f10x_md.o(.text)
    DMA1_Channel2_IRQHandler                 0x08000287   Thumb Code     0  startup_stm32f10x_md.o(.text)
    DMA1_Channel3_IRQHandler                 0x08000287   Thumb Code     0  startup_stm32f10x_md.o(.text)
    DMA1_Channel4_IRQHandler                 0x08000287   Thumb Code     0  startup_stm32f10x_md.o(.text)
    DMA1_Channel5_IRQHandler                 0x08000287   Thumb Code     0  startup_stm32f10x_md.o(.text)
    DMA1_Channel6_IRQHandler                 0x08000287   Thumb Code     0  startup_stm32f10x_md.o(.text)
    DMA1_Channel7_IRQHandler                 0x08000287   Thumb Code     0  startup_stm32f10x_md.o(.text)
    EXTI0_IRQHandler                         0x08000287   Thumb Code     0  startup_stm32f10x_md.o(.text)
    EXTI15_10_IRQHandler                     0x08000287   Thumb Code     0  startup_stm32f10x_md.o(.text)
    EXTI1_IRQHandler                         0x08000287   Thumb Code     0  startup_stm32f10x_md.o(.text)
    EXTI2_IRQHandler                         0x08000287   Thumb Code     0  startup_stm32f10x_md.o(.text)
    EXTI3_IRQHandler                         0x08000287   Thumb Code     0  startup_stm32f10x_md.o(.text)
    EXTI4_IRQHandler                         0x08000287   Thumb Code     0  startup_stm32f10x_md.o(.text)
    EXTI9_5_IRQHandler                       0x08000287   Thumb Code     0  startup_stm32f10x_md.o(.text)
    FLASH_IRQHandler                         0x08000287   Thumb Code     0  startup_stm32f10x_md.o(.text)
    I2C1_ER_IRQHandler                       0x08000287   Thumb Code     0  startup_stm32f10x_md.o(.text)
    I2C1_EV_IRQHandler                       0x08000287   Thumb Code     0  startup_stm32f10x_md.o(.text)
    I2C2_ER_IRQHandler                       0x08000287   Thumb Code     0  startup_stm32f10x_md.o(.text)
    I2C2_EV_IRQHandler                       0x08000287   Thumb Code     0  startup_stm32f10x_md.o(.text)
    PVD_IRQHandler                           0x08000287   Thumb Code     0  startup_stm32f10x_md.o(.text)
    RCC_IRQHandler                           0x08000287   Thumb Code     0  startup_stm32f10x_md.o(.text)
    RTCAlarm_IRQHandler                      0x08000287   Thumb Code     0  startup_stm32f10x_md.o(.text)
    RTC_IRQHandler                           0x08000287   Thumb Code     0  startup_stm32f10x_md.o(.text)
    SPI1_IRQHandler                          0x08000287   Thumb Code     0  startup_stm32f10x_md.o(.text)
    SPI2_IRQHandler                          0x08000287   Thumb Code     0  startup_stm32f10x_md.o(.text)
    TAMPER_IRQHandler                        0x08000287   Thumb Code     0  startup_stm32f10x_md.o(.text)
    TIM1_BRK_IRQHandler                      0x08000287   Thumb Code     0  startup_stm32f10x_md.o(.text)
    TIM1_CC_IRQHandler                       0x08000287   Thumb Code     0  startup_stm32f10x_md.o(.text)
    TIM1_TRG_COM_IRQHandler                  0x08000287   Thumb Code     0  startup_stm32f10x_md.o(.text)
    TIM1_UP_IRQHandler                       0x08000287   Thumb Code     0  startup_stm32f10x_md.o(.text)
    TIM2_IRQHandler                          0x08000287   Thumb Code     0  startup_stm32f10x_md.o(.text)
    TIM3_IRQHandler                          0x08000287   Thumb Code     0  startup_stm32f10x_md.o(.text)
    TIM4_IRQHandler                          0x08000287   Thumb Code     0  startup_stm32f10x_md.o(.text)
    USART1_IRQHandler                        0x08000287   Thumb Code     0  startup_stm32f10x_md.o(.text)
    USART2_IRQHandler                        0x08000287   Thumb Code     0  startup_stm32f10x_md.o(.text)
    USART3_IRQHandler                        0x08000287   Thumb Code     0  startup_stm32f10x_md.o(.text)
    USBWakeUp_IRQHandler                     0x08000287   Thumb Code     0  startup_stm32f10x_md.o(.text)
    USB_HP_CAN1_TX_IRQHandler                0x08000287   Thumb Code     0  startup_stm32f10x_md.o(.text)
    USB_LP_CAN1_RX0_IRQHandler               0x08000287   Thumb Code     0  startup_stm32f10x_md.o(.text)
    WWDG_IRQHandler                          0x08000287   Thumb Code     0  startup_stm32f10x_md.o(.text)
    __user_initial_stackheap                 0x08000289   Thumb Code     0  startup_stm32f10x_md.o(.text)
    sprintf                                  0x080002ad   Thumb Code    38  sprintf.o(.text)
    __use_two_region_memory                  0x080002d9   Thumb Code     2  heapauxi.o(.text)
    __rt_heap_escrow$2region                 0x080002db   Thumb Code     2  heapauxi.o(.text)
    __rt_heap_expand$2region                 0x080002dd   Thumb Code     2  heapauxi.o(.text)
    _printf_pre_padding                      0x080002df   Thumb Code    44  _printf_pad.o(.text)
    _printf_post_padding                     0x0800030b   Thumb Code    34  _printf_pad.o(.text)
    _printf_truncate_signed                  0x0800032d   Thumb Code    18  _printf_truncate.o(.text)
    _printf_truncate_unsigned                0x0800033f   Thumb Code    18  _printf_truncate.o(.text)
    _printf_str                              0x08000351   Thumb Code    82  _printf_str.o(.text)
    _printf_int_dec                          0x080003a5   Thumb Code   104  _printf_dec.o(.text)
    _printf_charcount                        0x0800041d   Thumb Code    40  _printf_charcount.o(.text)
    _printf_char_common                      0x0800044f   Thumb Code    32  _printf_char_common.o(.text)
    _sputc                                   0x08000475   Thumb Code    10  _sputc.o(.text)
    _printf_wctomb                           0x08000481   Thumb Code   182  _printf_wctomb.o(.text)
    _printf_longlong_dec                     0x0800053d   Thumb Code   108  _printf_longlong_dec.o(.text)
    _printf_longlong_oct                     0x080005b9   Thumb Code    68  _printf_oct_int_ll.o(.text)
    _printf_int_oct                          0x080005fd   Thumb Code    24  _printf_oct_int_ll.o(.text)
    _printf_ll_oct                           0x08000615   Thumb Code    12  _printf_oct_int_ll.o(.text)
    _printf_longlong_hex                     0x08000629   Thumb Code    86  _printf_hex_int_ll_ptr.o(.text)
    _printf_int_hex                          0x0800067f   Thumb Code    28  _printf_hex_int_ll_ptr.o(.text)
    _printf_ll_hex                           0x0800069b   Thumb Code    12  _printf_hex_int_ll_ptr.o(.text)
    _printf_hex_ptr                          0x080006a7   Thumb Code    18  _printf_hex_int_ll_ptr.o(.text)
    __printf                                 0x080006bd   Thumb Code   388  __printf_flags_ss_wp.o(.text)
    _ll_udiv10                               0x08000845   Thumb Code   138  lludiv10.o(.text)
    _printf_int_common                       0x080008cf   Thumb Code   178  _printf_intcommon.o(.text)
    _printf_fp_dec_real                      0x08000b31   Thumb Code   620  _printf_fp_dec.o(.text)
    _printf_fp_hex_real                      0x08000d9d   Thumb Code   756  _printf_fp_hex.o(.text)
    _printf_cs_common                        0x08001099   Thumb Code    20  _printf_char.o(.text)
    _printf_char                             0x080010ad   Thumb Code    16  _printf_char.o(.text)
    _printf_string                           0x080010bd   Thumb Code     8  _printf_char.o(.text)
    _printf_lcs_common                       0x080010c5   Thumb Code    20  _printf_wchar.o(.text)
    _printf_wchar                            0x080010d9   Thumb Code    16  _printf_wchar.o(.text)
    _printf_wstring                          0x080010e9   Thumb Code     8  _printf_wchar.o(.text)
    _c16rtomb                                0x080010f1   Thumb Code    72  _c16rtomb.o(.text)
    _wcrtomb                                 0x080010f1   Thumb Code     0  _c16rtomb.o(.text)
    __user_setup_stackheap                   0x08001139   Thumb Code    74  sys_stackheap_outer.o(.text)
    __rt_ctype_table                         0x08001185   Thumb Code    16  rt_ctype_table.o(.text)
    __rt_locale                              0x08001195   Thumb Code     8  rt_locale_intlibspace.o(.text)
    _printf_fp_infnan                        0x0800119d   Thumb Code   112  _printf_fp_infnan.o(.text)
    _btod_etento                             0x0800121d   Thumb Code   224  bigflt0.o(.text)
    exit                                     0x08001301   Thumb Code    18  exit.o(.text)
    __user_libspace                          0x08001315   Thumb Code     8  libspace.o(.text)
    __user_perproc_libspace                  0x08001315   Thumb Code     0  libspace.o(.text)
    __user_perthread_libspace                0x08001315   Thumb Code     0  libspace.o(.text)
    strcmp                                   0x0800131d   Thumb Code   128  strcmpv7m.o(.text)
    _sys_exit                                0x0800139d   Thumb Code     8  sys_exit.o(.text)
    __argv_alloc                             0x080013a9   Thumb Code    34  _get_argv_nomalloc.o(.text)
    __ARM_get_argv                           0x080013cb   Thumb Code   268  _get_argv_nomalloc.o(.text)
    _sys_command_string                      0x080014d7   Thumb Code    24  sys_command.o(.text)
    __I$use$semihosting                      0x080014ef   Thumb Code     0  use_no_semi.o(.text)
    __use_no_semihosting_swi                 0x080014ef   Thumb Code     2  use_no_semi.o(.text)
    __semihosting_library_function           0x080014f1   Thumb Code     0  indicate_semi.o(.text)
    __use_no_heap_region                     0x080014f1   Thumb Code     2  hrguard.o(.text)
    __heap_region$guard                      0x080014f3   Thumb Code     2  hrguard.o(.text)
    __rt_SIGRTMEM                            0x080014f5   Thumb Code    14  defsig_rtmem_outer.o(.text)
    __sig_exit                               0x08001503   Thumb Code    10  defsig_exit.o(.text)
    __rt_SIGRTMEM_inner                      0x0800150d   Thumb Code    22  defsig_rtmem_inner.o(.text)
    __default_signal_display                 0x0800155d   Thumb Code    50  defsig_general.o(.text)
    _ttywrch                                 0x0800158f   Thumb Code    14  sys_wrch.o(.text)
    DHT11_Init                               0x0800159d   Thumb Code    36  main.o(.text.DHT11_Init)
    DHT11_Read                               0x080015c1   Thumb Code   618  main.o(.text.DHT11_Read)
    Delay_Init                               0x08001879   Thumb Code    38  main.o(.text.Delay_Init)
    Delay_ms                                 0x080018a1   Thumb Code    34  main.o(.text.Delay_ms)
    Delay_us                                 0x080018c5   Thumb Code   104  main.o(.text.Delay_us)
    GPIO_Init                                0x0800192d   Thumb Code   400  stm32f10x_gpio.o(.text.GPIO_Init)
    GPIO_ReadInputDataBit                    0x08001abd   Thumb Code    54  stm32f10x_gpio.o(.text.GPIO_ReadInputDataBit)
    GPIO_ResetBits                           0x08001af5   Thumb Code    22  stm32f10x_gpio.o(.text.GPIO_ResetBits)
    GPIO_SetBits                             0x08001b0d   Thumb Code    22  stm32f10x_gpio.o(.text.GPIO_SetBits)
    RCC_APB2PeriphClockCmd                   0x08001b25   Thumb Code    62  stm32f10x_rcc.o(.text.RCC_APB2PeriphClockCmd)
    RCC_GetClocksFreq                        0x08001b65   Thumb Code   374  stm32f10x_rcc.o(.text.RCC_GetClocksFreq)
    SystemInit                               0x08001e09   Thumb Code   102  system_stm32f10x.o(.text.SystemInit)
    UART1_Init                               0x08001e71   Thumb Code   134  main.o(.text.UART1_Init)
    UART1_SendChar                           0x08001ef9   Thumb Code    54  main.o(.text.UART1_SendChar)
    UART1_SendString                         0x08001f31   Thumb Code    36  main.o(.text.UART1_SendString)
    USART_Cmd                                0x08001f55   Thumb Code    48  stm32f10x_usart.o(.text.USART_Cmd)
    USART_GetFlagStatus                      0x08001f85   Thumb Code    72  stm32f10x_usart.o(.text.USART_GetFlagStatus)
    USART_Init                               0x08001fcd   Thumb Code   350  stm32f10x_usart.o(.text.USART_Init)
    USART_SendData                           0x0800212d   Thumb Code    26  stm32f10x_usart.o(.text.USART_SendData)
    main                                     0x08002149   Thumb Code   164  main.o(.text.main)
    _btod_d2e                                0x080021ed   Thumb Code    62  btod.o(CL$$btod_d2e)
    _d2e_denorm_low                          0x0800222b   Thumb Code    70  btod.o(CL$$btod_d2e_denorm_low)
    _d2e_norm_op1                            0x08002271   Thumb Code    96  btod.o(CL$$btod_d2e_norm_op1)
    __btod_div_common                        0x080022d1   Thumb Code   696  btod.o(CL$$btod_div_common)
    _e2e                                     0x08002609   Thumb Code   220  btod.o(CL$$btod_e2e)
    _btod_ediv                               0x080026e5   Thumb Code    42  btod.o(CL$$btod_ediv)
    _btod_emul                               0x0800270f   Thumb Code    42  btod.o(CL$$btod_emul)
    __btod_mult_common                       0x08002739   Thumb Code   580  btod.o(CL$$btod_mult_common)
    __ARM_fpclassify                         0x0800297d   Thumb Code    40  fpclassify.o(i.__ARM_fpclassify)
    _is_digit                                0x080029a5   Thumb Code    14  __printf_wp.o(i._is_digit)
    _get_lc_numeric                          0x080029b5   Thumb Code    44  lc_numeric_c.o(locale$$code)
    _get_lc_ctype                            0x080029e1   Thumb Code    44  lc_ctype_c.o(locale$$code)
    _printf_fp_dec                           0x08002a0d   Thumb Code     4  printf1.o(x$fpl$printf1)
    _printf_fp_hex                           0x08002a11   Thumb Code     4  printf2.o(x$fpl$printf2)
    __I$use$fp                               0x08002a14   Number         0  usenofp.o(x$fpl$usenofp)
    Region$$Table$$Base                      0x08002b4c   Number         0  anon$$obj.o(Region$$Table)
    Region$$Table$$Limit                     0x08002b6c   Number         0  anon$$obj.o(Region$$Table)
    __ctype                                  0x08002b95   Data           0  lc_ctype_c.o(locale$$data)
    SystemCoreClock                          0x20000000   Data           4  system_stm32f10x.o(.data.SystemCoreClock)
    __libspace_start                         0x20000008   Data          96  libspace.o(.bss)
    __temporary_stack_top$libspace           0x20000068   Data           0  libspace.o(.bss)
    humidity                                 0x20000068   Data           4  main.o(.bss.humidity)
    status                                   0x2000006c   Data           4  main.o(.bss.status)
    temperature                              0x20000070   Data           4  main.o(.bss.temperature)



==============================================================================

Memory Map of the image

  Image Entry point : 0x080000ed

  Load Region LR_IROM1 (Base: 0x08000000, Size: 0x00002ca0, Max: 0x00010000, ABSOLUTE)

    Execution Region ER_IROM1 (Exec base: 0x08000000, Load base: 0x08000000, Size: 0x00002c98, Max: 0x00010000, ABSOLUTE)

    Exec Addr    Load Addr    Size         Type   Attr      Idx    E Section Name        Object

    0x08000000   0x08000000   0x000000ec   Data   RO         1183    RESET               startup_stm32f10x_md.o
    0x080000ec   0x080000ec   0x00000008   Code   RO         1214  * !!!main             c_w.l(__main.o)
    0x080000f4   0x080000f4   0x0000005c   Code   RO         1551    !!!scatter          c_w.l(__scatter.o)
    0x08000150   0x08000150   0x0000001a   Code   RO         1555    !!handler_copy      c_w.l(__scatter_copy.o)
    0x0800016a   0x0800016a   0x00000002   PAD
    0x0800016c   0x0800016c   0x00000002   Code   RO         1552    !!handler_null      c_w.l(__scatter.o)
    0x0800016e   0x0800016e   0x00000002   PAD
    0x08000170   0x08000170   0x0000001c   Code   RO         1557    !!handler_zi        c_w.l(__scatter_zi.o)
    0x0800018c   0x0800018c   0x00000000   Code   RO         1298    .ARM.Collect$$_printf_percent$$00000000  c_w.l(_printf_percent.o)
    0x0800018c   0x0800018c   0x00000006   Code   RO         1287    .ARM.Collect$$_printf_percent$$00000001  c_w.l(_printf_n.o)
    0x08000192   0x08000192   0x00000006   Code   RO         1289    .ARM.Collect$$_printf_percent$$00000002  c_w.l(_printf_p.o)
    0x08000198   0x08000198   0x00000006   Code   RO         1294    .ARM.Collect$$_printf_percent$$00000003  c_w.l(_printf_f.o)
    0x0800019e   0x0800019e   0x00000006   Code   RO         1295    .ARM.Collect$$_printf_percent$$00000004  c_w.l(_printf_e.o)
    0x080001a4   0x080001a4   0x00000006   Code   RO         1296    .ARM.Collect$$_printf_percent$$00000005  c_w.l(_printf_g.o)
    0x080001aa   0x080001aa   0x00000006   Code   RO         1297    .ARM.Collect$$_printf_percent$$00000006  c_w.l(_printf_a.o)
    0x080001b0   0x080001b0   0x0000000a   Code   RO         1302    .ARM.Collect$$_printf_percent$$00000007  c_w.l(_printf_ll.o)
    0x080001ba   0x080001ba   0x00000006   Code   RO         1291    .ARM.Collect$$_printf_percent$$00000008  c_w.l(_printf_i.o)
    0x080001c0   0x080001c0   0x00000006   Code   RO         1292    .ARM.Collect$$_printf_percent$$00000009  c_w.l(_printf_d.o)
    0x080001c6   0x080001c6   0x00000006   Code   RO         1293    .ARM.Collect$$_printf_percent$$0000000A  c_w.l(_printf_u.o)
    0x080001cc   0x080001cc   0x00000006   Code   RO         1290    .ARM.Collect$$_printf_percent$$0000000B  c_w.l(_printf_o.o)
    0x080001d2   0x080001d2   0x00000006   Code   RO         1288    .ARM.Collect$$_printf_percent$$0000000C  c_w.l(_printf_x.o)
    0x080001d8   0x080001d8   0x00000006   Code   RO         1299    .ARM.Collect$$_printf_percent$$0000000D  c_w.l(_printf_lli.o)
    0x080001de   0x080001de   0x00000006   Code   RO         1300    .ARM.Collect$$_printf_percent$$0000000E  c_w.l(_printf_lld.o)
    0x080001e4   0x080001e4   0x00000006   Code   RO         1301    .ARM.Collect$$_printf_percent$$0000000F  c_w.l(_printf_llu.o)
    0x080001ea   0x080001ea   0x00000006   Code   RO         1306    .ARM.Collect$$_printf_percent$$00000010  c_w.l(_printf_llo.o)
    0x080001f0   0x080001f0   0x00000006   Code   RO         1307    .ARM.Collect$$_printf_percent$$00000011  c_w.l(_printf_llx.o)
    0x080001f6   0x080001f6   0x0000000a   Code   RO         1303    .ARM.Collect$$_printf_percent$$00000012  c_w.l(_printf_l.o)
    0x08000200   0x08000200   0x00000006   Code   RO         1285    .ARM.Collect$$_printf_percent$$00000013  c_w.l(_printf_c.o)
    0x08000206   0x08000206   0x00000006   Code   RO         1286    .ARM.Collect$$_printf_percent$$00000014  c_w.l(_printf_s.o)
    0x0800020c   0x0800020c   0x00000006   Code   RO         1304    .ARM.Collect$$_printf_percent$$00000015  c_w.l(_printf_lc.o)
    0x08000212   0x08000212   0x00000006   Code   RO         1305    .ARM.Collect$$_printf_percent$$00000016  c_w.l(_printf_ls.o)
    0x08000218   0x08000218   0x00000004   Code   RO         1348    .ARM.Collect$$_printf_percent$$00000017  c_w.l(_printf_percent_end.o)
    0x0800021c   0x0800021c   0x00000002   Code   RO         1399    .ARM.Collect$$libinit$$00000000  c_w.l(libinit.o)
    0x0800021e   0x0800021e   0x00000000   Code   RO         1418    .ARM.Collect$$libinit$$00000002  c_w.l(libinit2.o)
    0x0800021e   0x0800021e   0x00000000   Code   RO         1420    .ARM.Collect$$libinit$$00000004  c_w.l(libinit2.o)
    0x0800021e   0x0800021e   0x00000000   Code   RO         1422    .ARM.Collect$$libinit$$00000006  c_w.l(libinit2.o)
    0x0800021e   0x0800021e   0x00000000   Code   RO         1425    .ARM.Collect$$libinit$$0000000C  c_w.l(libinit2.o)
    0x0800021e   0x0800021e   0x00000000   Code   RO         1427    .ARM.Collect$$libinit$$0000000E  c_w.l(libinit2.o)
    0x0800021e   0x0800021e   0x00000000   Code   RO         1429    .ARM.Collect$$libinit$$00000010  c_w.l(libinit2.o)
    0x0800021e   0x0800021e   0x00000006   Code   RO         1430    .ARM.Collect$$libinit$$00000011  c_w.l(libinit2.o)
    0x08000224   0x08000224   0x00000000   Code   RO         1432    .ARM.Collect$$libinit$$00000013  c_w.l(libinit2.o)
    0x08000224   0x08000224   0x0000000c   Code   RO         1433    .ARM.Collect$$libinit$$00000014  c_w.l(libinit2.o)
    0x08000230   0x08000230   0x00000000   Code   RO         1434    .ARM.Collect$$libinit$$00000015  c_w.l(libinit2.o)
    0x08000230   0x08000230   0x00000000   Code   RO         1436    .ARM.Collect$$libinit$$00000017  c_w.l(libinit2.o)
    0x08000230   0x08000230   0x0000000a   Code   RO         1437    .ARM.Collect$$libinit$$00000018  c_w.l(libinit2.o)
    0x0800023a   0x0800023a   0x00000000   Code   RO         1438    .ARM.Collect$$libinit$$00000019  c_w.l(libinit2.o)
    0x0800023a   0x0800023a   0x00000000   Code   RO         1440    .ARM.Collect$$libinit$$0000001B  c_w.l(libinit2.o)
    0x0800023a   0x0800023a   0x00000000   Code   RO         1442    .ARM.Collect$$libinit$$0000001D  c_w.l(libinit2.o)
    0x0800023a   0x0800023a   0x00000000   Code   RO         1444    .ARM.Collect$$libinit$$0000001F  c_w.l(libinit2.o)
    0x0800023a   0x0800023a   0x00000000   Code   RO         1446    .ARM.Collect$$libinit$$00000021  c_w.l(libinit2.o)
    0x0800023a   0x0800023a   0x00000000   Code   RO         1448    .ARM.Collect$$libinit$$00000023  c_w.l(libinit2.o)
    0x0800023a   0x0800023a   0x00000000   Code   RO         1450    .ARM.Collect$$libinit$$00000025  c_w.l(libinit2.o)
    0x0800023a   0x0800023a   0x00000000   Code   RO         1452    .ARM.Collect$$libinit$$00000027  c_w.l(libinit2.o)
    0x0800023a   0x0800023a   0x00000008   Code   RO         1454    .ARM.Collect$$libinit$$00000029  c_w.l(libinit2.o)
    0x08000242   0x08000242   0x00000000   Code   RO         1458    .ARM.Collect$$libinit$$00000030  c_w.l(libinit2.o)
    0x08000242   0x08000242   0x00000000   Code   RO         1460    .ARM.Collect$$libinit$$00000032  c_w.l(libinit2.o)
    0x08000242   0x08000242   0x00000000   Code   RO         1462    .ARM.Collect$$libinit$$00000034  c_w.l(libinit2.o)
    0x08000242   0x08000242   0x00000002   Code   RO         1463    .ARM.Collect$$libinit$$00000035  c_w.l(libinit2.o)
    0x08000244   0x08000244   0x00000002   Code   RO         1487    .ARM.Collect$$libshutdown$$00000000  c_w.l(libshutdown.o)
    0x08000246   0x08000246   0x00000000   Code   RO         1502    .ARM.Collect$$libshutdown$$00000002  c_w.l(libshutdown2.o)
    0x08000246   0x08000246   0x00000000   Code   RO         1504    .ARM.Collect$$libshutdown$$00000004  c_w.l(libshutdown2.o)
    0x08000246   0x08000246   0x00000000   Code   RO         1507    .ARM.Collect$$libshutdown$$00000007  c_w.l(libshutdown2.o)
    0x08000246   0x08000246   0x00000000   Code   RO         1510    .ARM.Collect$$libshutdown$$0000000A  c_w.l(libshutdown2.o)
    0x08000246   0x08000246   0x00000000   Code   RO         1512    .ARM.Collect$$libshutdown$$0000000C  c_w.l(libshutdown2.o)
    0x08000246   0x08000246   0x00000000   Code   RO         1515    .ARM.Collect$$libshutdown$$0000000F  c_w.l(libshutdown2.o)
    0x08000246   0x08000246   0x00000002   Code   RO         1516    .ARM.Collect$$libshutdown$$00000010  c_w.l(libshutdown2.o)
    0x08000248   0x08000248   0x00000000   Code   RO         1216    .ARM.Collect$$rtentry$$00000000  c_w.l(__rtentry.o)
    0x08000248   0x08000248   0x00000000   Code   RO         1317    .ARM.Collect$$rtentry$$00000002  c_w.l(__rtentry2.o)
    0x08000248   0x08000248   0x00000006   Code   RO         1329    .ARM.Collect$$rtentry$$00000004  c_w.l(__rtentry4.o)
    0x0800024e   0x0800024e   0x00000000   Code   RO         1319    .ARM.Collect$$rtentry$$00000009  c_w.l(__rtentry2.o)
    0x0800024e   0x0800024e   0x00000004   Code   RO         1320    .ARM.Collect$$rtentry$$0000000A  c_w.l(__rtentry2.o)
    0x08000252   0x08000252   0x00000000   Code   RO         1322    .ARM.Collect$$rtentry$$0000000C  c_w.l(__rtentry2.o)
    0x08000252   0x08000252   0x00000008   Code   RO         1323    .ARM.Collect$$rtentry$$0000000D  c_w.l(__rtentry2.o)
    0x0800025a   0x0800025a   0x00000002   Code   RO         1408    .ARM.Collect$$rtexit$$00000000  c_w.l(rtexit.o)
    0x0800025c   0x0800025c   0x00000000   Code   RO         1465    .ARM.Collect$$rtexit$$00000002  c_w.l(rtexit2.o)
    0x0800025c   0x0800025c   0x00000004   Code   RO         1466    .ARM.Collect$$rtexit$$00000003  c_w.l(rtexit2.o)
    0x08000260   0x08000260   0x00000006   Code   RO         1467    .ARM.Collect$$rtexit$$00000004  c_w.l(rtexit2.o)
    0x08000266   0x08000266   0x00000002   PAD
    0x08000268   0x08000268   0x00000004   Code   RO         1473    .emb_text           c_w.l(argv_veneer.o)
    0x0800026c   0x0800026c   0x00000040   Code   RO         1184    .text               startup_stm32f10x_md.o
    0x080002ac   0x080002ac   0x0000002c   Code   RO         1210    .text               c_w.l(sprintf.o)
    0x080002d8   0x080002d8   0x00000006   Code   RO         1212    .text               c_w.l(heapauxi.o)
    0x080002de   0x080002de   0x0000004e   Code   RO         1219    .text               c_w.l(_printf_pad.o)
    0x0800032c   0x0800032c   0x00000024   Code   RO         1221    .text               c_w.l(_printf_truncate.o)
    0x08000350   0x08000350   0x00000052   Code   RO         1223    .text               c_w.l(_printf_str.o)
    0x080003a2   0x080003a2   0x00000002   PAD
    0x080003a4   0x080003a4   0x00000078   Code   RO         1225    .text               c_w.l(_printf_dec.o)
    0x0800041c   0x0800041c   0x00000028   Code   RO         1227    .text               c_w.l(_printf_charcount.o)
    0x08000444   0x08000444   0x00000030   Code   RO         1229    .text               c_w.l(_printf_char_common.o)
    0x08000474   0x08000474   0x0000000a   Code   RO         1231    .text               c_w.l(_sputc.o)
    0x0800047e   0x0800047e   0x00000002   PAD
    0x08000480   0x08000480   0x000000bc   Code   RO         1233    .text               c_w.l(_printf_wctomb.o)
    0x0800053c   0x0800053c   0x0000007c   Code   RO         1236    .text               c_w.l(_printf_longlong_dec.o)
    0x080005b8   0x080005b8   0x00000070   Code   RO         1242    .text               c_w.l(_printf_oct_int_ll.o)
    0x08000628   0x08000628   0x00000094   Code   RO         1262    .text               c_w.l(_printf_hex_int_ll_ptr.o)
    0x080006bc   0x080006bc   0x00000188   Code   RO         1282    .text               c_w.l(__printf_flags_ss_wp.o)
    0x08000844   0x08000844   0x0000008a   Code   RO         1331    .text               c_w.l(lludiv10.o)
    0x080008ce   0x080008ce   0x000000b2   Code   RO         1333    .text               c_w.l(_printf_intcommon.o)
    0x08000980   0x08000980   0x0000041c   Code   RO         1335    .text               c_w.l(_printf_fp_dec.o)
    0x08000d9c   0x08000d9c   0x000002fc   Code   RO         1339    .text               c_w.l(_printf_fp_hex.o)
    0x08001098   0x08001098   0x0000002c   Code   RO         1344    .text               c_w.l(_printf_char.o)
    0x080010c4   0x080010c4   0x0000002c   Code   RO         1346    .text               c_w.l(_printf_wchar.o)
    0x080010f0   0x080010f0   0x00000048   Code   RO         1349    .text               c_w.l(_c16rtomb.o)
    0x08001138   0x08001138   0x0000004a   Code   RO         1351    .text               c_w.l(sys_stackheap_outer.o)
    0x08001182   0x08001182   0x00000002   PAD
    0x08001184   0x08001184   0x00000010   Code   RO         1353    .text               c_w.l(rt_ctype_table.o)
    0x08001194   0x08001194   0x00000008   Code   RO         1358    .text               c_w.l(rt_locale_intlibspace.o)
    0x0800119c   0x0800119c   0x00000080   Code   RO         1360    .text               c_w.l(_printf_fp_infnan.o)
    0x0800121c   0x0800121c   0x000000e4   Code   RO         1362    .text               c_w.l(bigflt0.o)
    0x08001300   0x08001300   0x00000012   Code   RO         1392    .text               c_w.l(exit.o)
    0x08001312   0x08001312   0x00000002   PAD
    0x08001314   0x08001314   0x00000008   Code   RO         1405    .text               c_w.l(libspace.o)
    0x0800131c   0x0800131c   0x00000080   Code   RO         1415    .text               c_w.l(strcmpv7m.o)
    0x0800139c   0x0800139c   0x0000000c   Code   RO         1477    .text               c_w.l(sys_exit.o)
    0x080013a8   0x080013a8   0x0000012e   Code   RO         1483    .text               c_w.l(_get_argv_nomalloc.o)
    0x080014d6   0x080014d6   0x00000018   Code   RO         1488    .text               c_w.l(sys_command.o)
    0x080014ee   0x080014ee   0x00000002   Code   RO         1492    .text               c_w.l(use_no_semi.o)
    0x080014f0   0x080014f0   0x00000000   Code   RO         1494    .text               c_w.l(indicate_semi.o)
    0x080014f0   0x080014f0   0x00000004   Code   RO         1495    .text               c_w.l(hrguard.o)
    0x080014f4   0x080014f4   0x0000000e   Code   RO         1497    .text               c_w.l(defsig_rtmem_outer.o)
    0x08001502   0x08001502   0x0000000a   Code   RO         1519    .text               c_w.l(defsig_exit.o)
    0x0800150c   0x0800150c   0x00000050   Code   RO         1521    .text               c_w.l(defsig_rtmem_inner.o)
    0x0800155c   0x0800155c   0x00000032   Code   RO         1525    .text               c_w.l(defsig_general.o)
    0x0800158e   0x0800158e   0x0000000e   Code   RO         1527    .text               c_w.l(sys_wrch.o)
    0x0800159c   0x0800159c   0x00000024   Code   RO           14    .text.DHT11_Init    main.o
    0x080015c0   0x080015c0   0x0000026a   Code   RO           18    .text.DHT11_Read    main.o
    0x0800182a   0x0800182a   0x00000002   PAD
    0x0800182c   0x0800182c   0x00000022   Code   RO           20    .text.DHT11_SetPinInput  main.o
    0x0800184e   0x0800184e   0x00000002   PAD
    0x08001850   0x08001850   0x00000028   Code   RO           16    .text.DHT11_SetPinOutput  main.o
    0x08001878   0x08001878   0x00000026   Code   RO            2    .text.Delay_Init    main.o
    0x0800189e   0x0800189e   0x00000002   PAD
    0x080018a0   0x080018a0   0x00000022   Code   RO            6    .text.Delay_ms      main.o
    0x080018c2   0x080018c2   0x00000002   PAD
    0x080018c4   0x080018c4   0x00000068   Code   RO            4    .text.Delay_us      main.o
    0x0800192c   0x0800192c   0x00000190   Code   RO          494    .text.GPIO_Init     stm32f10x_gpio.o
    0x08001abc   0x08001abc   0x00000036   Code   RO          498    .text.GPIO_ReadInputDataBit  stm32f10x_gpio.o
    0x08001af2   0x08001af2   0x00000002   PAD
    0x08001af4   0x08001af4   0x00000016   Code   RO          508    .text.GPIO_ResetBits  stm32f10x_gpio.o
    0x08001b0a   0x08001b0a   0x00000002   PAD
    0x08001b0c   0x08001b0c   0x00000016   Code   RO          506    .text.GPIO_SetBits  stm32f10x_gpio.o
    0x08001b22   0x08001b22   0x00000002   PAD
    0x08001b24   0x08001b24   0x0000003e   Code   RO          698    .text.RCC_APB2PeriphClockCmd  stm32f10x_rcc.o
    0x08001b62   0x08001b62   0x00000002   PAD
    0x08001b64   0x08001b64   0x00000176   Code   RO          694    .text.RCC_GetClocksFreq  stm32f10x_rcc.o
    0x08001cda   0x08001cda   0x00000002   PAD
    0x08001cdc   0x08001cdc   0x00000008   Code   RO         1193    .text.SetSysClock   system_stm32f10x.o
    0x08001ce4   0x08001ce4   0x00000122   Code   RO         1197    .text.SetSysClockTo72  system_stm32f10x.o
    0x08001e06   0x08001e06   0x00000002   PAD
    0x08001e08   0x08001e08   0x00000066   Code   RO         1191    .text.SystemInit    system_stm32f10x.o
    0x08001e6e   0x08001e6e   0x00000002   PAD
    0x08001e70   0x08001e70   0x00000086   Code   RO            8    .text.UART1_Init    main.o
    0x08001ef6   0x08001ef6   0x00000002   PAD
    0x08001ef8   0x08001ef8   0x00000036   Code   RO           10    .text.UART1_SendChar  main.o
    0x08001f2e   0x08001f2e   0x00000002   PAD
    0x08001f30   0x08001f30   0x00000024   Code   RO           12    .text.UART1_SendString  main.o
    0x08001f54   0x08001f54   0x00000030   Code   RO         1086    .text.USART_Cmd     stm32f10x_usart.o
    0x08001f84   0x08001f84   0x00000048   Code   RO         1126    .text.USART_GetFlagStatus  stm32f10x_usart.o
    0x08001fcc   0x08001fcc   0x0000015e   Code   RO         1078    .text.USART_Init    stm32f10x_usart.o
    0x0800212a   0x0800212a   0x00000002   PAD
    0x0800212c   0x0800212c   0x0000001a   Code   RO         1102    .text.USART_SendData  stm32f10x_usart.o
    0x08002146   0x08002146   0x00000002   PAD
    0x08002148   0x08002148   0x000000a4   Code   RO           22    .text.main          main.o
    0x080021ec   0x080021ec   0x0000003e   Code   RO         1365    CL$$btod_d2e        c_w.l(btod.o)
    0x0800222a   0x0800222a   0x00000046   Code   RO         1367    CL$$btod_d2e_denorm_low  c_w.l(btod.o)
    0x08002270   0x08002270   0x00000060   Code   RO         1366    CL$$btod_d2e_norm_op1  c_w.l(btod.o)
    0x080022d0   0x080022d0   0x00000338   Code   RO         1375    CL$$btod_div_common  c_w.l(btod.o)
    0x08002608   0x08002608   0x000000dc   Code   RO         1372    CL$$btod_e2e        c_w.l(btod.o)
    0x080026e4   0x080026e4   0x0000002a   Code   RO         1369    CL$$btod_ediv       c_w.l(btod.o)
    0x0800270e   0x0800270e   0x0000002a   Code   RO         1368    CL$$btod_emul       c_w.l(btod.o)
    0x08002738   0x08002738   0x00000244   Code   RO         1374    CL$$btod_mult_common  c_w.l(btod.o)
    0x0800297c   0x0800297c   0x00000028   Code   RO         1403    i.__ARM_fpclassify  m_ws.l(fpclassify.o)
    0x080029a4   0x080029a4   0x0000000e   Code   RO         1275    i._is_digit         c_w.l(__printf_wp.o)
    0x080029b2   0x080029b2   0x00000002   PAD
    0x080029b4   0x080029b4   0x0000002c   Code   RO         1390    locale$$code        c_w.l(lc_numeric_c.o)
    0x080029e0   0x080029e0   0x0000002c   Code   RO         1413    locale$$code        c_w.l(lc_ctype_c.o)
    0x08002a0c   0x08002a0c   0x00000004   Code   RO         1308    x$fpl$printf1       fz_ws.l(printf1.o)
    0x08002a10   0x08002a10   0x00000004   Code   RO         1310    x$fpl$printf2       fz_ws.l(printf2.o)
    0x08002a14   0x08002a14   0x00000000   Code   RO         1402    x$fpl$usenofp       fz_ws.l(usenofp.o)
    0x08002a14   0x08002a14   0x00000008   Data   RO         1234    .constdata          c_w.l(_printf_wctomb.o)
    0x08002a1c   0x08002a1c   0x00000028   Data   RO         1263    .constdata          c_w.l(_printf_hex_int_ll_ptr.o)
    0x08002a44   0x08002a44   0x00000011   Data   RO         1283    .constdata          c_w.l(__printf_flags_ss_wp.o)
    0x08002a55   0x08002a55   0x00000026   Data   RO         1340    .constdata          c_w.l(_printf_fp_hex.o)
    0x08002a7b   0x08002a7b   0x00000001   PAD
    0x08002a7c   0x08002a7c   0x00000094   Data   RO         1363    .constdata          c_w.l(bigflt0.o)
    0x08002b10   0x08002b10   0x00000004   Data   RO          719    .rodata.ADCPrescTable  stm32f10x_rcc.o
    0x08002b14   0x08002b14   0x00000010   Data   RO          718    .rodata.APBAHBPrescTable  stm32f10x_rcc.o
    0x08002b24   0x08002b24   0x00000028   Data   RO           27    .rodata.str1.1      main.o
    0x08002b4c   0x08002b4c   0x00000020   Data   RO         1550    Region$$Table       anon$$obj.o
    0x08002b6c   0x08002b6c   0x0000001c   Data   RO         1389    locale$$data        c_w.l(lc_numeric_c.o)
    0x08002b88   0x08002b88   0x00000110   Data   RO         1412    locale$$data        c_w.l(lc_ctype_c.o)


    Execution Region RW_IRAM1 (Exec base: 0x20000000, Load base: 0x08002c98, Size: 0x00000678, Max: 0x00005000, ABSOLUTE)

    Exec Addr    Load Addr    Size         Type   Attr      Idx    E Section Name        Object

    0x20000000   0x08002c98   0x00000004   Data   RW         1199    .data.SystemCoreClock  system_stm32f10x.o
    0x20000004   0x08002c9c   0x00000004   PAD
    0x20000008        -       0x00000060   Zero   RW         1406    .bss                c_w.l(libspace.o)
    0x20000068        -       0x00000004   Zero   RW           25    .bss.humidity       main.o
    0x2000006c        -       0x00000004   Zero   RW           26    .bss.status         main.o
    0x20000070        -       0x00000004   Zero   RW           24    .bss.temperature    main.o
    0x20000074   0x08002c9c   0x00000004   PAD
    0x20000078        -       0x00000200   Zero   RW         1182    HEAP                startup_stm32f10x_md.o
    0x20000278        -       0x00000400   Zero   RW         1181    STACK               startup_stm32f10x_md.o


==============================================================================

Image component sizes


      Code (inc. data)   RO Data    RW Data    ZI Data      Debug   Object Name

      1292          0         40          0         12       4573   main.o
        64         26        236          0       1536        908   startup_stm32f10x_md.o
       498          0          0          0          0       5791   stm32f10x_gpio.o
       436          0         20          0          0       7102   stm32f10x_rcc.o
       496          0          0          0          0       7572   stm32f10x_usart.o
       400          0          0          4          0       2961   system_stm32f10x.o

    ----------------------------------------------------------------------
      3216         26        328          4       1556      28907   Object Totals
         0          0         32          0          0          0   (incl. Generated)
        30          0          0          0          8          0   (incl. Padding)

    ----------------------------------------------------------------------

      Code (inc. data)   RO Data    RW Data    ZI Data      Debug   Library Member Name

         8          0          0          0          0         68   __main.o
       392          4         17          0          0         92   __printf_flags_ss_wp.o
        14          0          0          0          0         68   __printf_wp.o
         0          0          0          0          0          0   __rtentry.o
        12          0          0          0          0          0   __rtentry2.o
         6          0          0          0          0          0   __rtentry4.o
        94          8          0          0          0          0   __scatter.o
        26          0          0          0          0          0   __scatter_copy.o
        28          0          0          0          0          0   __scatter_zi.o
        72          0          0          0          0         96   _c16rtomb.o
       302          0          0          0          0        168   _get_argv_nomalloc.o
         6          0          0          0          0          0   _printf_a.o
         6          0          0          0          0          0   _printf_c.o
        44          0          0          0          0        108   _printf_char.o
        48          6          0          0          0         96   _printf_char_common.o
        40          0          0          0          0         68   _printf_charcount.o
         6          0          0          0          0          0   _printf_d.o
       120         16          0          0          0         92   _printf_dec.o
         6          0          0          0          0          0   _printf_e.o
         6          0          0          0          0          0   _printf_f.o
      1052          0          0          0          0        148   _printf_fp_dec.o
       764          8         38          0          0        100   _printf_fp_hex.o
       128         16          0          0          0         84   _printf_fp_infnan.o
         6          0          0          0          0          0   _printf_g.o
       148          4         40          0          0        160   _printf_hex_int_ll_ptr.o
         6          0          0          0          0          0   _printf_i.o
       178          0          0          0          0         88   _printf_intcommon.o
        10          0          0          0          0          0   _printf_l.o
         6          0          0          0          0          0   _printf_lc.o
        10          0          0          0          0          0   _printf_ll.o
         6          0          0          0          0          0   _printf_lld.o
         6          0          0          0          0          0   _printf_lli.o
         6          0          0          0          0          0   _printf_llo.o
         6          0          0          0          0          0   _printf_llu.o
         6          0          0          0          0          0   _printf_llx.o
       124         16          0          0          0         92   _printf_longlong_dec.o
         6          0          0          0          0          0   _printf_ls.o
         6          0          0          0          0          0   _printf_n.o
         6          0          0          0          0          0   _printf_o.o
       112          8          0          0          0        124   _printf_oct_int_ll.o
         6          0          0          0          0          0   _printf_p.o
        78          0          0          0          0        108   _printf_pad.o
         0          0          0          0          0          0   _printf_percent.o
         4          0          0          0          0          0   _printf_percent_end.o
         6          0          0          0          0          0   _printf_s.o
        82          0          0          0          0         80   _printf_str.o
        36          0          0          0          0         84   _printf_truncate.o
         6          0          0          0          0          0   _printf_u.o
        44          0          0          0          0        108   _printf_wchar.o
       188          6          8          0          0         92   _printf_wctomb.o
         6          0          0          0          0          0   _printf_x.o
        10          0          0          0          0         68   _sputc.o
         4          0          0          0          0         68   argv_veneer.o
       228          4        148          0          0         96   bigflt0.o
      1936        128          0          0          0        668   btod.o
        10          0          0          0          0         68   defsig_exit.o
        50          0          0          0          0         88   defsig_general.o
        80         58          0          0          0         76   defsig_rtmem_inner.o
        14          0          0          0          0         80   defsig_rtmem_outer.o
        18          0          0          0          0         80   exit.o
         6          0          0          0          0        152   heapauxi.o
         4          0          0          0          0        136   hrguard.o
         0          0          0          0          0          0   indicate_semi.o
        44         10        272          0          0         76   lc_ctype_c.o
        44         10         28          0          0         76   lc_numeric_c.o
         2          0          0          0          0          0   libinit.o
        38          0          0          0          0          0   libinit2.o
         2          0          0          0          0          0   libshutdown.o
         2          0          0          0          0          0   libshutdown2.o
         8          4          0          0         96         68   libspace.o
       138          0          0          0          0         80   lludiv10.o
        16          4          0          0          0         76   rt_ctype_table.o
         8          4          0          0          0         68   rt_locale_intlibspace.o
         2          0          0          0          0          0   rtexit.o
        10          0          0          0          0          0   rtexit2.o
        44          6          0          0          0         84   sprintf.o
       128          0          0          0          0         68   strcmpv7m.o
        24          0          0          0          0         76   sys_command.o
        12          4          0          0          0         68   sys_exit.o
        74          0          0          0          0         80   sys_stackheap_outer.o
        14          0          0          0          0         76   sys_wrch.o
         2          0          0          0          0         68   use_no_semi.o
         4          0          0          0          0         68   printf1.o
         4          0          0          0          0         68   printf2.o
         0          0          0          0          0          0   usenofp.o
        40          0          0          0          0         68   fpclassify.o

    ----------------------------------------------------------------------
      7320        324        552          0         96       4872   Library Totals
        16          0          1          0          0          0   (incl. Padding)

    ----------------------------------------------------------------------

      Code (inc. data)   RO Data    RW Data    ZI Data      Debug   Library Name

      7256        324        551          0         96       4668   c_w.l
         8          0          0          0          0        136   fz_ws.l
        40          0          0          0          0         68   m_ws.l

    ----------------------------------------------------------------------
      7320        324        552          0         96       4872   Library Totals

    ----------------------------------------------------------------------

==============================================================================


      Code (inc. data)   RO Data    RW Data    ZI Data      Debug   

     10536        350        880          4       1652      31111   Grand Totals
     10536        350        880          4       1652      31111   ELF Image Totals
     10536        350        880          4          0          0   ROM Totals

==============================================================================

    Total RO  Size (Code + RO Data)                11416 (  11.15kB)
    Total RW  Size (RW Data + ZI Data)              1656 (   1.62kB)
    Total ROM Size (Code + RO Data + RW Data)      11420 (  11.15kB)

==============================================================================

